MPLINK 5.09, LINKER
Linker Map File - Created Wed Feb 27 12:33:18 2019
Linker Map File - Created Wed Feb 27 12:39:47 2019

                                 Section Info
                  Section       Type    Address   Location Size(Bytes)
                ---------  ---------  ---------  ---------  ---------
                 RES_VECT       code   0x000000    program   0x000004
                   .cinit    romdata   0x000004    program   0x000002
                   int_hi       code   0x000008    program   0x00000a
            VolumeControl       code   0x000012    program   0x000148
                      LCD       code   0x00015a    program   0x00012e
                MAIN_PROG       code   0x000288    program   0x00007a
           Multiplication       code   0x000302    program   0x000058
                      ADC       code   0x00035a    program   0x00003e
                 Division       code   0x000398    program   0x00003a
                      DAC       code   0x0003d2    program   0x00003a
                      SPI       code   0x00040c    program   0x000018
         Frequency_shift_       code   0x000424    program   0x000018
                    pdata       code   0x00043c    program   0x000008
                MAIN_PROG       code   0x000012    program   0x00009e
           Multiplication       code   0x0000b0    program   0x000058
  pseudo_number_generator       code   0x000108    program   0x00003e
                     UART       code   0x000146    program   0x00003a
                      DAC       code   0x000180    program   0x00003a
                      ADC       code   0x0001ba    program   0x00002e
                      SPI       code   0x0001e8    program   0x000018
         Frequency_shift_       code   0x000200    program   0x000018
.config_300000_BUILD/DEFAULT/PRODUCTION/CONFIG.    romdata   0x300000    program   0x000001
.config_300001_BUILD/DEFAULT/PRODUCTION/CONFIG.    romdata   0x300001    program   0x000001
.config_300002_BUILD/DEFAULT/PRODUCTION/CONFIG.    romdata   0x300002    program   0x000001
.config_300003_BUILD/DEFAULT/PRODUCTION/CONFIG.    romdata   0x300003    program   0x000001
.config_300004_BUILD/DEFAULT/PRODUCTION/CONFIG.    romdata   0x300004    program   0x000001
.config_300005_BUILD/DEFAULT/PRODUCTION/CONFIG.    romdata   0x300005    program   0x000001
.config_300006_BUILD/DEFAULT/PRODUCTION/CONFIG.    romdata   0x300006    program   0x000001
.config_300008_BUILD/DEFAULT/PRODUCTION/CONFIG.    romdata   0x300008    program   0x000001
.config_300009_BUILD/DEFAULT/PRODUCTION/CONFIG.    romdata   0x300009    program   0x000001
.config_30000A_BUILD/DEFAULT/PRODUCTION/CONFIG.    romdata   0x30000a    program   0x000001
.config_30000B_BUILD/DEFAULT/PRODUCTION/CONFIG.    romdata   0x30000b    program   0x000001
.config_30000C_BUILD/DEFAULT/PRODUCTION/CONFIG.    romdata   0x30000c    program   0x000001
.config_30000D_BUILD/DEFAULT/PRODUCTION/CONFIG.    romdata   0x30000d    program   0x000001
                     acs0      udata   0x000000       data   0x000013
                  acs_div      udata   0x000013       data   0x000009
                  acs_vol      udata   0x00001c       data   0x000005
                  acs_ovr      udata   0x000021       data   0x000005
                  acs_tmp      udata   0x000026       data   0x000002
                     acs1      udata   0x000028       data   0x000001
                   tables      udata   0x000400       data   0x000080
                     acs0      udata   0x000000       data   0x00000c
                  acs_ovr      udata   0x00000c       data   0x000005
                      acs      udata   0x000011       data   0x000004
                 acs_uart      udata   0x000015       data   0x000001
                     acs1      udata   0x000016       data   0x000001



                              Program Memory Usage 
                               Start         End      
                           ---------   ---------      
                            0x000000    0x000005      
                            0x000008    0x000443      
                            0x000008    0x000217      
                            0x300000    0x300006      
                            0x300008    0x30000d      
            1103 out of 132120 program addresses used, program memory utilization is 0%
            547 out of 132120 program addresses used, program memory utilization is 0%



                              Symbols - Sorted by Name
                     Name    Address   Location    Storage File                     
                ---------  ---------  ---------  --------- ---------                
                ADC_Setup   0x00035a    program     extern H:\3rdYear\3rdYearLab\MicroprocessorLabProject\Voice-changer-project\ANALOG_DIGITAL.asm
              ADC_read_A0   0x000374    program     extern H:\3rdYear\3rdYearLab\MicroprocessorLabProject\Voice-changer-project\ANALOG_DIGITAL.asm
              ADC_read_A1   0x00038c    program     extern H:\3rdYear\3rdYearLab\MicroprocessorLabProject\Voice-changer-project\ANALOG_DIGITAL.asm
              ADC_read_A5   0x000380    program     extern H:\3rdYear\3rdYearLab\MicroprocessorLabProject\Voice-changer-project\ANALOG_DIGITAL.asm
                DAC_Setup   0x0003d2    program     extern H:\3rdYear\3rdYearLab\MicroprocessorLabProject\Voice-changer-project\digital_analog_12bit.asm
            DAC_end_write   0x0003fc    program     extern H:\3rdYear\3rdYearLab\MicroprocessorLabProject\Voice-changer-project\digital_analog_12bit.asm
                DAC_write   0x0003ee    program     extern H:\3rdYear\3rdYearLab\MicroprocessorLabProject\Voice-changer-project\digital_analog_12bit.asm
               LCD_Enable   0x00021a    program     static H:\3rdYear\3rdYearLab\MicroprocessorLabProject\Voice-changer-project\LCD.asm
              LCD_Hex_Nib   0x0001ba    program     extern H:\3rdYear\3rdYearLab\MicroprocessorLabProject\Voice-changer-project\LCD.asm
         LCD_Loop_message   0x0001d0    program     static H:\3rdYear\3rdYearLab\MicroprocessorLabProject\Voice-changer-project\LCD.asm
          LCD_Send_Byte_D   0x0001f8    program     extern H:\3rdYear\3rdYearLab\MicroprocessorLabProject\Voice-changer-project\LCD.asm
          LCD_Send_Byte_I   0x0001dc    program     static H:\3rdYear\3rdYearLab\MicroprocessorLabProject\Voice-changer-project\LCD.asm
                LCD_Setup   0x00015a    program     extern H:\3rdYear\3rdYearLab\MicroprocessorLabProject\Voice-changer-project\LCD.asm
            LCD_Write_Hex   0x0001b0    program     extern H:\3rdYear\3rdYearLab\MicroprocessorLabProject\Voice-changer-project\LCD.asm
        LCD_Write_Message   0x0001ce    program     extern H:\3rdYear\3rdYearLab\MicroprocessorLabProject\Voice-changer-project\LCD.asm
                LCD_clear   0x00026a    program     extern H:\3rdYear\3rdYearLab\MicroprocessorLabProject\Voice-changer-project\LCD.asm
                LCD_delay   0x000260    program     static H:\3rdYear\3rdYearLab\MicroprocessorLabProject\Voice-changer-project\LCD.asm
             LCD_delay_ms   0x00023e    program     extern H:\3rdYear\3rdYearLab\MicroprocessorLabProject\Voice-changer-project\LCD.asm
           LCD_delay_x4us   0x00024c    program     static H:\3rdYear\3rdYearLab\MicroprocessorLabProject\Voice-changer-project\LCD.asm
                 LCD_loop   0x0002e4    program     static H:\3rdYear\3rdYearLab\MicroprocessorLabProject\Voice-changer-project\main.asm
          LCD_move_cursor   0x000276    program     extern H:\3rdYear\3rdYearLab\MicroprocessorLabProject\Voice-changer-project\LCD.asm
           SPI_MasterInit   0x00040c    program     extern H:\3rdYear\3rdYearLab\MicroprocessorLabProject\Voice-changer-project\spi.asm
       SPI_MasterTransmit   0x000418    program     extern H:\3rdYear\3rdYearLab\MicroprocessorLabProject\Voice-changer-project\spi.asm
                    START   0x000288    program     static H:\3rdYear\3rdYearLab\MicroprocessorLabProject\Voice-changer-project\main.asm
                    Table   0x00043c    program     static H:\3rdYear\3rdYearLab\MicroprocessorLabProject\Voice-changer-project\VolumeControl.asm
               VolumeDisp   0x00006c    program     static H:\3rdYear\3rdYearLab\MicroprocessorLabProject\Voice-changer-project\VolumeControl.asm
                 VolumeDo   0x0000c6    program     extern H:\3rdYear\3rdYearLab\MicroprocessorLabProject\Voice-changer-project\VolumeControl.asm
               VolumeRead   0x00005a    program     static H:\3rdYear\3rdYearLab\MicroprocessorLabProject\Voice-changer-project\VolumeControl.asm
                VolumeSet   0x000044    program     static H:\3rdYear\3rdYearLab\MicroprocessorLabProject\Voice-changer-project\VolumeControl.asm
             Volume_Setup   0x000012    program     extern H:\3rdYear\3rdYearLab\MicroprocessorLabProject\Voice-changer-project\VolumeControl.asm
            Wait_Transmit   0x00041c    program     static H:\3rdYear\3rdYearLab\MicroprocessorLabProject\Voice-changer-project\spi.asm
                 adc_loop   0x00037a    program     static H:\3rdYear\3rdYearLab\MicroprocessorLabProject\Voice-changer-project\ANALOG_DIGITAL.asm
                adc_loop1   0x000386    program     static H:\3rdYear\3rdYearLab\MicroprocessorLabProject\Voice-changer-project\ANALOG_DIGITAL.asm
                adc_loop2   0x000392    program     static H:\3rdYear\3rdYearLab\MicroprocessorLabProject\Voice-changer-project\ANALOG_DIGITAL.asm
                    cond1   0x0000e8    program     static H:\3rdYear\3rdYearLab\MicroprocessorLabProject\Voice-changer-project\VolumeControl.asm
                    cond2   0x00012a    program     static H:\3rdYear\3rdYearLab\MicroprocessorLabProject\Voice-changer-project\VolumeControl.asm
                    cond3   0x00011a    program     static H:\3rdYear\3rdYearLab\MicroprocessorLabProject\Voice-changer-project\VolumeControl.asm
                    delay   0x0003e8    program     static H:\3rdYear\3rdYearLab\MicroprocessorLabProject\Voice-changer-project\digital_analog_12bit.asm
                    delay   0x00013c    program     static H:\3rdYear\3rdYearLab\MicroprocessorLabProject\Voice-changer-project\VolumeControl.asm
           delay_loop_nop   0x000140    program     static H:\3rdYear\3rdYearLab\MicroprocessorLabProject\Voice-changer-project\VolumeControl.asm
                division1   0x0003a0    program     static H:\3rdYear\3rdYearLab\MicroprocessorLabProject\Voice-changer-project\division.asm
            division16x16   0x000398    program     extern H:\3rdYear\3rdYearLab\MicroprocessorLabProject\Voice-changer-project\division.asm
                division2   0x0003a8    program     static H:\3rdYear\3rdYearLab\MicroprocessorLabProject\Voice-changer-project\division.asm
                division3   0x0003c8    program     static H:\3rdYear\3rdYearLab\MicroprocessorLabProject\Voice-changer-project\division.asm
            division_loop   0x0002ec    program     static H:\3rdYear\3rdYearLab\MicroprocessorLabProject\Voice-changer-project\main.asm
            frequency_mix   0x0002b6    program     static H:\3rdYear\3rdYearLab\MicroprocessorLabProject\Voice-changer-project\main.asm
 frequency_multiplication   0x000424    program     extern H:\3rdYear\3rdYearLab\MicroprocessorLabProject\Voice-changer-project\frequency_mixer.asm
                   lcdlp1   0x000262    program     static H:\3rdYear\3rdYearLab\MicroprocessorLabProject\Voice-changer-project\LCD.asm
                   lcdlp2   0x000240    program     static H:\3rdYear\3rdYearLab\MicroprocessorLabProject\Voice-changer-project\LCD.asm
             measure_loop   0x00029c    program     static H:\3rdYear\3rdYearLab\MicroprocessorLabProject\Voice-changer-project\main.asm
      multiplication16x16   0x000324    program     extern H:\3rdYear\3rdYearLab\MicroprocessorLabProject\Voice-changer-project\multiplication.asm
       multiplication8x16   0x000302    program     extern H:\3rdYear\3rdYearLab\MicroprocessorLabProject\Voice-changer-project\multiplication.asm
                     next   0x0000f0    program     static H:\3rdYear\3rdYearLab\MicroprocessorLabProject\Voice-changer-project\VolumeControl.asm
                    next1   0x000130    program     static H:\3rdYear\3rdYearLab\MicroprocessorLabProject\Voice-changer-project\VolumeControl.asm
               table_loop   0x000038    program     static H:\3rdYear\3rdYearLab\MicroprocessorLabProject\Voice-changer-project\VolumeControl.asm
              table_write   0x000024    program     static H:\3rdYear\3rdYearLab\MicroprocessorLabProject\Voice-changer-project\VolumeControl.asm
                    Array   0x000400       data     static H:\3rdYear\3rdYearLab\MicroprocessorLabProject\Voice-changer-project\VolumeControl.asm
                LCD_cnt_h   0x00000e       data     static H:\3rdYear\3rdYearLab\MicroprocessorLabProject\Voice-changer-project\LCD.asm
                LCD_cnt_l   0x00000d       data     static H:\3rdYear\3rdYearLab\MicroprocessorLabProject\Voice-changer-project\LCD.asm
               LCD_cnt_ms   0x00000f       data     static H:\3rdYear\3rdYearLab\MicroprocessorLabProject\Voice-changer-project\LCD.asm
              LCD_counter   0x000011       data     static H:\3rdYear\3rdYearLab\MicroprocessorLabProject\Voice-changer-project\LCD.asm
           LCD_cursor_pos   0x000012       data     static H:\3rdYear\3rdYearLab\MicroprocessorLabProject\Voice-changer-project\LCD.asm
              LCD_hex_tmp   0x000021       data     extern H:\3rdYear\3rdYearLab\MicroprocessorLabProject\Voice-changer-project\LCD.asm
                  LCD_tmp   0x000010       data     static H:\3rdYear\3rdYearLab\MicroprocessorLabProject\Voice-changer-project\LCD.asm
                      bit   0x00000c       data     static H:\3rdYear\3rdYearLab\MicroprocessorLabProject\Voice-changer-project\multiplication.asm
                    count   0x00001b       data     static H:\3rdYear\3rdYearLab\MicroprocessorLabProject\Voice-changer-project\division.asm
                  counter   0x000020       data     static H:\3rdYear\3rdYearLab\MicroprocessorLabProject\Voice-changer-project\VolumeControl.asm
              delay_count   0x000026       data     static H:\3rdYear\3rdYearLab\MicroprocessorLabProject\Voice-changer-project\VolumeControl.asm
                   dividh   0x000013       data     extern H:\3rdYear\3rdYearLab\MicroprocessorLabProject\Voice-changer-project\division.asm
              dividh_save   0x000015       data     static H:\3rdYear\3rdYearLab\MicroprocessorLabProject\Voice-changer-project\division.asm
                   dividl   0x000014       data     extern H:\3rdYear\3rdYearLab\MicroprocessorLabProject\Voice-changer-project\division.asm
              dividl_save   0x000016       data     static H:\3rdYear\3rdYearLab\MicroprocessorLabProject\Voice-changer-project\division.asm
                   divish   0x000017       data     extern H:\3rdYear\3rdYearLab\MicroprocessorLabProject\Voice-changer-project\division.asm
                   divisl   0x000018       data     extern H:\3rdYear\3rdYearLab\MicroprocessorLabProject\Voice-changer-project\division.asm
                ADC_Setup   0x0001ba    program     extern H:\3rdYear\3rdYearLab\MicroprocessorLabProject\Voice-changer-project\ANALOG_DIGITAL.asm
              ADC_read_A0   0x0001d0    program     extern H:\3rdYear\3rdYearLab\MicroprocessorLabProject\Voice-changer-project\ANALOG_DIGITAL.asm
              ADC_read_A5   0x0001dc    program     extern H:\3rdYear\3rdYearLab\MicroprocessorLabProject\Voice-changer-project\ANALOG_DIGITAL.asm
                DAC_Setup   0x000180    program     extern H:\3rdYear\3rdYearLab\MicroprocessorLabProject\Voice-changer-project\digital_analog_12bit.asm
            DAC_end_write   0x0001aa    program     extern H:\3rdYear\3rdYearLab\MicroprocessorLabProject\Voice-changer-project\digital_analog_12bit.asm
                DAC_write   0x00019c    program     extern H:\3rdYear\3rdYearLab\MicroprocessorLabProject\Voice-changer-project\digital_analog_12bit.asm
           SPI_MasterInit   0x0001e8    program     extern H:\3rdYear\3rdYearLab\MicroprocessorLabProject\Voice-changer-project\spi.asm
       SPI_MasterTransmit   0x0001f4    program     extern H:\3rdYear\3rdYearLab\MicroprocessorLabProject\Voice-changer-project\spi.asm
                    START   0x000012    program     static H:\3rdYear\3rdYearLab\MicroprocessorLabProject\Voice-changer-project\main.asm
        UART_Receive_Byte   0x000176    program     extern \\icnas1.cc.ic.ac.uk\acn116\3rdYear\3rdYearLab\MicroprocessorLabProject\Voice-changer-project\UART.asm
       UART_Setup_Receive   0x000158    program     extern \\icnas1.cc.ic.ac.uk\acn116\3rdYear\3rdYearLab\MicroprocessorLabProject\Voice-changer-project\UART.asm
      UART_Setup_Transmit   0x000146    program     extern \\icnas1.cc.ic.ac.uk\acn116\3rdYear\3rdYearLab\MicroprocessorLabProject\Voice-changer-project\UART.asm
       UART_Transmit_Byte   0x00016e    program     extern \\icnas1.cc.ic.ac.uk\acn116\3rdYear\3rdYearLab\MicroprocessorLabProject\Voice-changer-project\UART.asm
            Wait_Transmit   0x0001f8    program     static H:\3rdYear\3rdYearLab\MicroprocessorLabProject\Voice-changer-project\spi.asm
                 adc_loop   0x0001d6    program     static H:\3rdYear\3rdYearLab\MicroprocessorLabProject\Voice-changer-project\ANALOG_DIGITAL.asm
                adc_loop1   0x0001e2    program     static H:\3rdYear\3rdYearLab\MicroprocessorLabProject\Voice-changer-project\ANALOG_DIGITAL.asm
                    delay   0x000196    program     static H:\3rdYear\3rdYearLab\MicroprocessorLabProject\Voice-changer-project\digital_analog_12bit.asm
            frequency_mix   0x000040    program     static H:\3rdYear\3rdYearLab\MicroprocessorLabProject\Voice-changer-project\main.asm
 frequency_multiplication   0x000200    program     extern H:\3rdYear\3rdYearLab\MicroprocessorLabProject\Voice-changer-project\frequency_mixer.asm
      gaussian_noise_loop   0x00008e    program     static H:\3rdYear\3rdYearLab\MicroprocessorLabProject\Voice-changer-project\main.asm
             measure_loop   0x000026    program     static H:\3rdYear\3rdYearLab\MicroprocessorLabProject\Voice-changer-project\main.asm
      multiplication16x16   0x0000d2    program     extern H:\3rdYear\3rdYearLab\MicroprocessorLabProject\Voice-changer-project\multiplication.asm
       multiplication8x16   0x0000b0    program     extern H:\3rdYear\3rdYearLab\MicroprocessorLabProject\Voice-changer-project\multiplication.asm
               noise_loop   0x00006e    program     static H:\3rdYear\3rdYearLab\MicroprocessorLabProject\Voice-changer-project\main.asm
              random_init   0x000108    program     extern \\icnas1.cc.ic.ac.uk\acn116\3rdYear\3rdYearLab\MicroprocessorLabProject\Voice-changer-project\pseudo_number_generator.asm
           random_numbers   0x00011e    program     extern \\icnas1.cc.ic.ac.uk\acn116\3rdYear\3rdYearLab\MicroprocessorLabProject\Voice-changer-project\pseudo_number_generator.asm
                        a   0x000011       data     extern \\icnas1.cc.ic.ac.uk\acn116\3rdYear\3rdYearLab\MicroprocessorLabProject\Voice-changer-project\pseudo_number_generator.asm
                        c   0x000013       data     extern \\icnas1.cc.ic.ac.uk\acn116\3rdYear\3rdYearLab\MicroprocessorLabProject\Voice-changer-project\pseudo_number_generator.asm
                      k16   0x000000       data     extern H:\3rdYear\3rdYearLab\MicroprocessorLabProject\Voice-changer-project\multiplication.asm
                       k8   0x000002       data     extern H:\3rdYear\3rdYearLab\MicroprocessorLabProject\Voice-changer-project\multiplication.asm
                    mul16   0x000003       data     extern H:\3rdYear\3rdYearLab\MicroprocessorLabProject\Voice-changer-project\multiplication.asm
                 mul1_tmp   0x000021       data     static H:\3rdYear\3rdYearLab\MicroprocessorLabProject\Voice-changer-project\multiplication.asm
                 mul2_tmp   0x000023       data     static H:\3rdYear\3rdYearLab\MicroprocessorLabProject\Voice-changer-project\multiplication.asm
               output_tmp   0x000028       data     extern H:\3rdYear\3rdYearLab\MicroprocessorLabProject\Voice-changer-project\frequency_mixer.asm
                 mul1_tmp   0x00000c       data     static H:\3rdYear\3rdYearLab\MicroprocessorLabProject\Voice-changer-project\multiplication.asm
                 mul2_tmp   0x00000e       data     static H:\3rdYear\3rdYearLab\MicroprocessorLabProject\Voice-changer-project\multiplication.asm
                    noise   0x000015       data     extern \\icnas1.cc.ic.ac.uk\acn116\3rdYear\3rdYearLab\MicroprocessorLabProject\Voice-changer-project\UART.asm
               output_tmp   0x000016       data     extern H:\3rdYear\3rdYearLab\MicroprocessorLabProject\Voice-changer-project\frequency_mixer.asm
                prod16x16   0x000008       data     extern H:\3rdYear\3rdYearLab\MicroprocessorLabProject\Voice-changer-project\multiplication.asm
                 prod8x16   0x000005       data     extern H:\3rdYear\3rdYearLab\MicroprocessorLabProject\Voice-changer-project\multiplication.asm
                    quoth   0x000019       data     extern H:\3rdYear\3rdYearLab\MicroprocessorLabProject\Voice-changer-project\division.asm
                    quotl   0x00001a       data     extern H:\3rdYear\3rdYearLab\MicroprocessorLabProject\Voice-changer-project\division.asm
                  voldisp   0x00001d       data     static H:\3rdYear\3rdYearLab\MicroprocessorLabProject\Voice-changer-project\VolumeControl.asm
                   voltmp   0x00001f       data     static H:\3rdYear\3rdYearLab\MicroprocessorLabProject\Voice-changer-project\VolumeControl.asm
                  voltmp1   0x000027       data     static H:\3rdYear\3rdYearLab\MicroprocessorLabProject\Voice-changer-project\VolumeControl.asm
                   volume   0x00001c       data     static H:\3rdYear\3rdYearLab\MicroprocessorLabProject\Voice-changer-project\VolumeControl.asm
                        s   0x00000c       data     extern \\icnas1.cc.ic.ac.uk\acn116\3rdYear\3rdYearLab\MicroprocessorLabProject\Voice-changer-project\pseudo_number_generator.asm



                              Symbols - Sorted by Address
                     Name    Address   Location    Storage File                     
                ---------  ---------  ---------  --------- ---------                
             Volume_Setup   0x000012    program     extern H:\3rdYear\3rdYearLab\MicroprocessorLabProject\Voice-changer-project\VolumeControl.asm
              table_write   0x000024    program     static H:\3rdYear\3rdYearLab\MicroprocessorLabProject\Voice-changer-project\VolumeControl.asm
               table_loop   0x000038    program     static H:\3rdYear\3rdYearLab\MicroprocessorLabProject\Voice-changer-project\VolumeControl.asm
                VolumeSet   0x000044    program     static H:\3rdYear\3rdYearLab\MicroprocessorLabProject\Voice-changer-project\VolumeControl.asm
               VolumeRead   0x00005a    program     static H:\3rdYear\3rdYearLab\MicroprocessorLabProject\Voice-changer-project\VolumeControl.asm
               VolumeDisp   0x00006c    program     static H:\3rdYear\3rdYearLab\MicroprocessorLabProject\Voice-changer-project\VolumeControl.asm
                 VolumeDo   0x0000c6    program     extern H:\3rdYear\3rdYearLab\MicroprocessorLabProject\Voice-changer-project\VolumeControl.asm
                    cond1   0x0000e8    program     static H:\3rdYear\3rdYearLab\MicroprocessorLabProject\Voice-changer-project\VolumeControl.asm
                     next   0x0000f0    program     static H:\3rdYear\3rdYearLab\MicroprocessorLabProject\Voice-changer-project\VolumeControl.asm
                    cond3   0x00011a    program     static H:\3rdYear\3rdYearLab\MicroprocessorLabProject\Voice-changer-project\VolumeControl.asm
                    cond2   0x00012a    program     static H:\3rdYear\3rdYearLab\MicroprocessorLabProject\Voice-changer-project\VolumeControl.asm
                    next1   0x000130    program     static H:\3rdYear\3rdYearLab\MicroprocessorLabProject\Voice-changer-project\VolumeControl.asm
                    delay   0x00013c    program     static H:\3rdYear\3rdYearLab\MicroprocessorLabProject\Voice-changer-project\VolumeControl.asm
           delay_loop_nop   0x000140    program     static H:\3rdYear\3rdYearLab\MicroprocessorLabProject\Voice-changer-project\VolumeControl.asm
                LCD_Setup   0x00015a    program     extern H:\3rdYear\3rdYearLab\MicroprocessorLabProject\Voice-changer-project\LCD.asm
            LCD_Write_Hex   0x0001b0    program     extern H:\3rdYear\3rdYearLab\MicroprocessorLabProject\Voice-changer-project\LCD.asm
              LCD_Hex_Nib   0x0001ba    program     extern H:\3rdYear\3rdYearLab\MicroprocessorLabProject\Voice-changer-project\LCD.asm
        LCD_Write_Message   0x0001ce    program     extern H:\3rdYear\3rdYearLab\MicroprocessorLabProject\Voice-changer-project\LCD.asm
         LCD_Loop_message   0x0001d0    program     static H:\3rdYear\3rdYearLab\MicroprocessorLabProject\Voice-changer-project\LCD.asm
          LCD_Send_Byte_I   0x0001dc    program     static H:\3rdYear\3rdYearLab\MicroprocessorLabProject\Voice-changer-project\LCD.asm
          LCD_Send_Byte_D   0x0001f8    program     extern H:\3rdYear\3rdYearLab\MicroprocessorLabProject\Voice-changer-project\LCD.asm
               LCD_Enable   0x00021a    program     static H:\3rdYear\3rdYearLab\MicroprocessorLabProject\Voice-changer-project\LCD.asm
             LCD_delay_ms   0x00023e    program     extern H:\3rdYear\3rdYearLab\MicroprocessorLabProject\Voice-changer-project\LCD.asm
                   lcdlp2   0x000240    program     static H:\3rdYear\3rdYearLab\MicroprocessorLabProject\Voice-changer-project\LCD.asm
           LCD_delay_x4us   0x00024c    program     static H:\3rdYear\3rdYearLab\MicroprocessorLabProject\Voice-changer-project\LCD.asm
                LCD_delay   0x000260    program     static H:\3rdYear\3rdYearLab\MicroprocessorLabProject\Voice-changer-project\LCD.asm
                   lcdlp1   0x000262    program     static H:\3rdYear\3rdYearLab\MicroprocessorLabProject\Voice-changer-project\LCD.asm
                LCD_clear   0x00026a    program     extern H:\3rdYear\3rdYearLab\MicroprocessorLabProject\Voice-changer-project\LCD.asm
          LCD_move_cursor   0x000276    program     extern H:\3rdYear\3rdYearLab\MicroprocessorLabProject\Voice-changer-project\LCD.asm
                    START   0x000288    program     static H:\3rdYear\3rdYearLab\MicroprocessorLabProject\Voice-changer-project\main.asm
             measure_loop   0x00029c    program     static H:\3rdYear\3rdYearLab\MicroprocessorLabProject\Voice-changer-project\main.asm
            frequency_mix   0x0002b6    program     static H:\3rdYear\3rdYearLab\MicroprocessorLabProject\Voice-changer-project\main.asm
                 LCD_loop   0x0002e4    program     static H:\3rdYear\3rdYearLab\MicroprocessorLabProject\Voice-changer-project\main.asm
            division_loop   0x0002ec    program     static H:\3rdYear\3rdYearLab\MicroprocessorLabProject\Voice-changer-project\main.asm
       multiplication8x16   0x000302    program     extern H:\3rdYear\3rdYearLab\MicroprocessorLabProject\Voice-changer-project\multiplication.asm
      multiplication16x16   0x000324    program     extern H:\3rdYear\3rdYearLab\MicroprocessorLabProject\Voice-changer-project\multiplication.asm
                ADC_Setup   0x00035a    program     extern H:\3rdYear\3rdYearLab\MicroprocessorLabProject\Voice-changer-project\ANALOG_DIGITAL.asm
              ADC_read_A0   0x000374    program     extern H:\3rdYear\3rdYearLab\MicroprocessorLabProject\Voice-changer-project\ANALOG_DIGITAL.asm
                 adc_loop   0x00037a    program     static H:\3rdYear\3rdYearLab\MicroprocessorLabProject\Voice-changer-project\ANALOG_DIGITAL.asm
              ADC_read_A5   0x000380    program     extern H:\3rdYear\3rdYearLab\MicroprocessorLabProject\Voice-changer-project\ANALOG_DIGITAL.asm
                adc_loop1   0x000386    program     static H:\3rdYear\3rdYearLab\MicroprocessorLabProject\Voice-changer-project\ANALOG_DIGITAL.asm
              ADC_read_A1   0x00038c    program     extern H:\3rdYear\3rdYearLab\MicroprocessorLabProject\Voice-changer-project\ANALOG_DIGITAL.asm
                adc_loop2   0x000392    program     static H:\3rdYear\3rdYearLab\MicroprocessorLabProject\Voice-changer-project\ANALOG_DIGITAL.asm
            division16x16   0x000398    program     extern H:\3rdYear\3rdYearLab\MicroprocessorLabProject\Voice-changer-project\division.asm
                division1   0x0003a0    program     static H:\3rdYear\3rdYearLab\MicroprocessorLabProject\Voice-changer-project\division.asm
                division2   0x0003a8    program     static H:\3rdYear\3rdYearLab\MicroprocessorLabProject\Voice-changer-project\division.asm
                division3   0x0003c8    program     static H:\3rdYear\3rdYearLab\MicroprocessorLabProject\Voice-changer-project\division.asm
                DAC_Setup   0x0003d2    program     extern H:\3rdYear\3rdYearLab\MicroprocessorLabProject\Voice-changer-project\digital_analog_12bit.asm
                    delay   0x0003e8    program     static H:\3rdYear\3rdYearLab\MicroprocessorLabProject\Voice-changer-project\digital_analog_12bit.asm
                DAC_write   0x0003ee    program     extern H:\3rdYear\3rdYearLab\MicroprocessorLabProject\Voice-changer-project\digital_analog_12bit.asm
            DAC_end_write   0x0003fc    program     extern H:\3rdYear\3rdYearLab\MicroprocessorLabProject\Voice-changer-project\digital_analog_12bit.asm
           SPI_MasterInit   0x00040c    program     extern H:\3rdYear\3rdYearLab\MicroprocessorLabProject\Voice-changer-project\spi.asm
       SPI_MasterTransmit   0x000418    program     extern H:\3rdYear\3rdYearLab\MicroprocessorLabProject\Voice-changer-project\spi.asm
            Wait_Transmit   0x00041c    program     static H:\3rdYear\3rdYearLab\MicroprocessorLabProject\Voice-changer-project\spi.asm
 frequency_multiplication   0x000424    program     extern H:\3rdYear\3rdYearLab\MicroprocessorLabProject\Voice-changer-project\frequency_mixer.asm
                    Table   0x00043c    program     static H:\3rdYear\3rdYearLab\MicroprocessorLabProject\Voice-changer-project\VolumeControl.asm
                    START   0x000012    program     static H:\3rdYear\3rdYearLab\MicroprocessorLabProject\Voice-changer-project\main.asm
             measure_loop   0x000026    program     static H:\3rdYear\3rdYearLab\MicroprocessorLabProject\Voice-changer-project\main.asm
            frequency_mix   0x000040    program     static H:\3rdYear\3rdYearLab\MicroprocessorLabProject\Voice-changer-project\main.asm
               noise_loop   0x00006e    program     static H:\3rdYear\3rdYearLab\MicroprocessorLabProject\Voice-changer-project\main.asm
      gaussian_noise_loop   0x00008e    program     static H:\3rdYear\3rdYearLab\MicroprocessorLabProject\Voice-changer-project\main.asm
       multiplication8x16   0x0000b0    program     extern H:\3rdYear\3rdYearLab\MicroprocessorLabProject\Voice-changer-project\multiplication.asm
      multiplication16x16   0x0000d2    program     extern H:\3rdYear\3rdYearLab\MicroprocessorLabProject\Voice-changer-project\multiplication.asm
              random_init   0x000108    program     extern \\icnas1.cc.ic.ac.uk\acn116\3rdYear\3rdYearLab\MicroprocessorLabProject\Voice-changer-project\pseudo_number_generator.asm
           random_numbers   0x00011e    program     extern \\icnas1.cc.ic.ac.uk\acn116\3rdYear\3rdYearLab\MicroprocessorLabProject\Voice-changer-project\pseudo_number_generator.asm
      UART_Setup_Transmit   0x000146    program     extern \\icnas1.cc.ic.ac.uk\acn116\3rdYear\3rdYearLab\MicroprocessorLabProject\Voice-changer-project\UART.asm
       UART_Setup_Receive   0x000158    program     extern \\icnas1.cc.ic.ac.uk\acn116\3rdYear\3rdYearLab\MicroprocessorLabProject\Voice-changer-project\UART.asm
       UART_Transmit_Byte   0x00016e    program     extern \\icnas1.cc.ic.ac.uk\acn116\3rdYear\3rdYearLab\MicroprocessorLabProject\Voice-changer-project\UART.asm
        UART_Receive_Byte   0x000176    program     extern \\icnas1.cc.ic.ac.uk\acn116\3rdYear\3rdYearLab\MicroprocessorLabProject\Voice-changer-project\UART.asm
                DAC_Setup   0x000180    program     extern H:\3rdYear\3rdYearLab\MicroprocessorLabProject\Voice-changer-project\digital_analog_12bit.asm
                    delay   0x000196    program     static H:\3rdYear\3rdYearLab\MicroprocessorLabProject\Voice-changer-project\digital_analog_12bit.asm
                DAC_write   0x00019c    program     extern H:\3rdYear\3rdYearLab\MicroprocessorLabProject\Voice-changer-project\digital_analog_12bit.asm
            DAC_end_write   0x0001aa    program     extern H:\3rdYear\3rdYearLab\MicroprocessorLabProject\Voice-changer-project\digital_analog_12bit.asm
                ADC_Setup   0x0001ba    program     extern H:\3rdYear\3rdYearLab\MicroprocessorLabProject\Voice-changer-project\ANALOG_DIGITAL.asm
              ADC_read_A0   0x0001d0    program     extern H:\3rdYear\3rdYearLab\MicroprocessorLabProject\Voice-changer-project\ANALOG_DIGITAL.asm
                 adc_loop   0x0001d6    program     static H:\3rdYear\3rdYearLab\MicroprocessorLabProject\Voice-changer-project\ANALOG_DIGITAL.asm
              ADC_read_A5   0x0001dc    program     extern H:\3rdYear\3rdYearLab\MicroprocessorLabProject\Voice-changer-project\ANALOG_DIGITAL.asm
                adc_loop1   0x0001e2    program     static H:\3rdYear\3rdYearLab\MicroprocessorLabProject\Voice-changer-project\ANALOG_DIGITAL.asm
           SPI_MasterInit   0x0001e8    program     extern H:\3rdYear\3rdYearLab\MicroprocessorLabProject\Voice-changer-project\spi.asm
       SPI_MasterTransmit   0x0001f4    program     extern H:\3rdYear\3rdYearLab\MicroprocessorLabProject\Voice-changer-project\spi.asm
            Wait_Transmit   0x0001f8    program     static H:\3rdYear\3rdYearLab\MicroprocessorLabProject\Voice-changer-project\spi.asm
 frequency_multiplication   0x000200    program     extern H:\3rdYear\3rdYearLab\MicroprocessorLabProject\Voice-changer-project\frequency_mixer.asm
                      k16   0x000000       data     extern H:\3rdYear\3rdYearLab\MicroprocessorLabProject\Voice-changer-project\multiplication.asm
                       k8   0x000002       data     extern H:\3rdYear\3rdYearLab\MicroprocessorLabProject\Voice-changer-project\multiplication.asm
                    mul16   0x000003       data     extern H:\3rdYear\3rdYearLab\MicroprocessorLabProject\Voice-changer-project\multiplication.asm
                 prod8x16   0x000005       data     extern H:\3rdYear\3rdYearLab\MicroprocessorLabProject\Voice-changer-project\multiplication.asm
                prod16x16   0x000008       data     extern H:\3rdYear\3rdYearLab\MicroprocessorLabProject\Voice-changer-project\multiplication.asm
                      bit   0x00000c       data     static H:\3rdYear\3rdYearLab\MicroprocessorLabProject\Voice-changer-project\multiplication.asm
                LCD_cnt_l   0x00000d       data     static H:\3rdYear\3rdYearLab\MicroprocessorLabProject\Voice-changer-project\LCD.asm
                LCD_cnt_h   0x00000e       data     static H:\3rdYear\3rdYearLab\MicroprocessorLabProject\Voice-changer-project\LCD.asm
               LCD_cnt_ms   0x00000f       data     static H:\3rdYear\3rdYearLab\MicroprocessorLabProject\Voice-changer-project\LCD.asm
                  LCD_tmp   0x000010       data     static H:\3rdYear\3rdYearLab\MicroprocessorLabProject\Voice-changer-project\LCD.asm
              LCD_counter   0x000011       data     static H:\3rdYear\3rdYearLab\MicroprocessorLabProject\Voice-changer-project\LCD.asm
           LCD_cursor_pos   0x000012       data     static H:\3rdYear\3rdYearLab\MicroprocessorLabProject\Voice-changer-project\LCD.asm
                   dividh   0x000013       data     extern H:\3rdYear\3rdYearLab\MicroprocessorLabProject\Voice-changer-project\division.asm
                   dividl   0x000014       data     extern H:\3rdYear\3rdYearLab\MicroprocessorLabProject\Voice-changer-project\division.asm
              dividh_save   0x000015       data     static H:\3rdYear\3rdYearLab\MicroprocessorLabProject\Voice-changer-project\division.asm
              dividl_save   0x000016       data     static H:\3rdYear\3rdYearLab\MicroprocessorLabProject\Voice-changer-project\division.asm
                   divish   0x000017       data     extern H:\3rdYear\3rdYearLab\MicroprocessorLabProject\Voice-changer-project\division.asm
                   divisl   0x000018       data     extern H:\3rdYear\3rdYearLab\MicroprocessorLabProject\Voice-changer-project\division.asm
                    quoth   0x000019       data     extern H:\3rdYear\3rdYearLab\MicroprocessorLabProject\Voice-changer-project\division.asm
                    quotl   0x00001a       data     extern H:\3rdYear\3rdYearLab\MicroprocessorLabProject\Voice-changer-project\division.asm
                    count   0x00001b       data     static H:\3rdYear\3rdYearLab\MicroprocessorLabProject\Voice-changer-project\division.asm
                   volume   0x00001c       data     static H:\3rdYear\3rdYearLab\MicroprocessorLabProject\Voice-changer-project\VolumeControl.asm
                  voldisp   0x00001d       data     static H:\3rdYear\3rdYearLab\MicroprocessorLabProject\Voice-changer-project\VolumeControl.asm
                   voltmp   0x00001f       data     static H:\3rdYear\3rdYearLab\MicroprocessorLabProject\Voice-changer-project\VolumeControl.asm
                  counter   0x000020       data     static H:\3rdYear\3rdYearLab\MicroprocessorLabProject\Voice-changer-project\VolumeControl.asm
                 mul1_tmp   0x000021       data     static H:\3rdYear\3rdYearLab\MicroprocessorLabProject\Voice-changer-project\multiplication.asm
              LCD_hex_tmp   0x000021       data     extern H:\3rdYear\3rdYearLab\MicroprocessorLabProject\Voice-changer-project\LCD.asm
                 mul2_tmp   0x000023       data     static H:\3rdYear\3rdYearLab\MicroprocessorLabProject\Voice-changer-project\multiplication.asm
              delay_count   0x000026       data     static H:\3rdYear\3rdYearLab\MicroprocessorLabProject\Voice-changer-project\VolumeControl.asm
                  voltmp1   0x000027       data     static H:\3rdYear\3rdYearLab\MicroprocessorLabProject\Voice-changer-project\VolumeControl.asm
               output_tmp   0x000028       data     extern H:\3rdYear\3rdYearLab\MicroprocessorLabProject\Voice-changer-project\frequency_mixer.asm
                    Array   0x000400       data     static H:\3rdYear\3rdYearLab\MicroprocessorLabProject\Voice-changer-project\VolumeControl.asm
                 mul1_tmp   0x00000c       data     static H:\3rdYear\3rdYearLab\MicroprocessorLabProject\Voice-changer-project\multiplication.asm
                        s   0x00000c       data     extern \\icnas1.cc.ic.ac.uk\acn116\3rdYear\3rdYearLab\MicroprocessorLabProject\Voice-changer-project\pseudo_number_generator.asm
                 mul2_tmp   0x00000e       data     static H:\3rdYear\3rdYearLab\MicroprocessorLabProject\Voice-changer-project\multiplication.asm
                        a   0x000011       data     extern \\icnas1.cc.ic.ac.uk\acn116\3rdYear\3rdYearLab\MicroprocessorLabProject\Voice-changer-project\pseudo_number_generator.asm
                        c   0x000013       data     extern \\icnas1.cc.ic.ac.uk\acn116\3rdYear\3rdYearLab\MicroprocessorLabProject\Voice-changer-project\pseudo_number_generator.asm
                    noise   0x000015       data     extern \\icnas1.cc.ic.ac.uk\acn116\3rdYear\3rdYearLab\MicroprocessorLabProject\Voice-changer-project\UART.asm
               output_tmp   0x000016       data     extern H:\3rdYear\3rdYearLab\MicroprocessorLabProject\Voice-changer-project\frequency_mixer.asm
