MPLINK 5.09, LINKER
Linker Map File - Created Wed Feb 27 14:17:02 2019

                                 Section Info
                  Section       Type    Address   Location Size(Bytes)
                ---------  ---------  ---------  ---------  ---------
                 RES_VECT       code   0x000000    program   0x000004
                   .cinit    romdata   0x000004    program   0x000002
                   int_hi       code   0x000008    program   0x00000a
            VolumeControl       code   0x000012    program   0x000148
                      LCD       code   0x00015a    program   0x00012e
                MAIN_PROG       code   0x000288    program   0x0000c4
           Multiplication       code   0x00034c    program   0x000058
  pseudo_number_generator       code   0x0003a4    program   0x00003e
                      ADC       code   0x0003e2    program   0x00003e
                 Division       code   0x000420    program   0x00003a
                      DAC       code   0x00045a    program   0x00003a
                     UART       code   0x000494    program   0x000036
                      SPI       code   0x0004ca    program   0x000018
         Frequency_shift_       code   0x0004e2    program   0x000018
                    pdata       code   0x0004fa    program   0x000008
.config_300000_BUILD/DEFAULT/PRODUCTION/CONFIG.    romdata   0x300000    program   0x000001
.config_300001_BUILD/DEFAULT/PRODUCTION/CONFIG.    romdata   0x300001    program   0x000001
.config_300002_BUILD/DEFAULT/PRODUCTION/CONFIG.    romdata   0x300002    program   0x000001
.config_300003_BUILD/DEFAULT/PRODUCTION/CONFIG.    romdata   0x300003    program   0x000001
.config_300004_BUILD/DEFAULT/PRODUCTION/CONFIG.    romdata   0x300004    program   0x000001
.config_300005_BUILD/DEFAULT/PRODUCTION/CONFIG.    romdata   0x300005    program   0x000001
.config_300006_BUILD/DEFAULT/PRODUCTION/CONFIG.    romdata   0x300006    program   0x000001
.config_300008_BUILD/DEFAULT/PRODUCTION/CONFIG.    romdata   0x300008    program   0x000001
.config_300009_BUILD/DEFAULT/PRODUCTION/CONFIG.    romdata   0x300009    program   0x000001
.config_30000A_BUILD/DEFAULT/PRODUCTION/CONFIG.    romdata   0x30000a    program   0x000001
.config_30000B_BUILD/DEFAULT/PRODUCTION/CONFIG.    romdata   0x30000b    program   0x000001
.config_30000C_BUILD/DEFAULT/PRODUCTION/CONFIG.    romdata   0x30000c    program   0x000001
.config_30000D_BUILD/DEFAULT/PRODUCTION/CONFIG.    romdata   0x30000d    program   0x000001
                     acs0      udata   0x000000       data   0x000013
                  acs_div      udata   0x000013       data   0x000009
                  acs_vol      udata   0x00001c       data   0x000005
                  acs_ovr      udata   0x000021       data   0x000005
                      acs      udata   0x000026       data   0x000004
                  acs_tmp      udata   0x00002a       data   0x000002
                 acs_uart      udata   0x00002c       data   0x000001
                     acs1      udata   0x00002d       data   0x000001
                   tables      udata   0x000400       data   0x000080



                              Program Memory Usage 
                               Start         End      
                           ---------   ---------      
                            0x000000    0x000005      
                            0x000008    0x000501      
                            0x300000    0x300006      
                            0x300008    0x30000d      
            1293 out of 132120 program addresses used, program memory utilization is 0%



                              Symbols - Sorted by Name
                     Name    Address   Location    Storage File                     
                ---------  ---------  ---------  --------- ---------                
                ADC_Setup   0x0003e2    program     extern H:\3rdYear\3rdYearLab\MicroprocessorLabProject\Voice-changer-project\ANALOG_DIGITAL.asm
              ADC_read_A0   0x0003fc    program     extern H:\3rdYear\3rdYearLab\MicroprocessorLabProject\Voice-changer-project\ANALOG_DIGITAL.asm
              ADC_read_A1   0x000414    program     extern H:\3rdYear\3rdYearLab\MicroprocessorLabProject\Voice-changer-project\ANALOG_DIGITAL.asm
              ADC_read_A5   0x000408    program     extern H:\3rdYear\3rdYearLab\MicroprocessorLabProject\Voice-changer-project\ANALOG_DIGITAL.asm
                DAC_Setup   0x00045a    program     extern H:\3rdYear\3rdYearLab\MicroprocessorLabProject\Voice-changer-project\digital_analog_12bit.asm
            DAC_end_write   0x000484    program     extern H:\3rdYear\3rdYearLab\MicroprocessorLabProject\Voice-changer-project\digital_analog_12bit.asm
                DAC_write   0x000476    program     extern H:\3rdYear\3rdYearLab\MicroprocessorLabProject\Voice-changer-project\digital_analog_12bit.asm
               LCD_Enable   0x00021a    program     static H:\3rdYear\3rdYearLab\MicroprocessorLabProject\Voice-changer-project\LCD.asm
              LCD_Hex_Nib   0x0001ba    program     extern H:\3rdYear\3rdYearLab\MicroprocessorLabProject\Voice-changer-project\LCD.asm
         LCD_Loop_message   0x0001d0    program     static H:\3rdYear\3rdYearLab\MicroprocessorLabProject\Voice-changer-project\LCD.asm
          LCD_Send_Byte_D   0x0001f8    program     extern H:\3rdYear\3rdYearLab\MicroprocessorLabProject\Voice-changer-project\LCD.asm
          LCD_Send_Byte_I   0x0001dc    program     static H:\3rdYear\3rdYearLab\MicroprocessorLabProject\Voice-changer-project\LCD.asm
                LCD_Setup   0x00015a    program     extern H:\3rdYear\3rdYearLab\MicroprocessorLabProject\Voice-changer-project\LCD.asm
            LCD_Write_Hex   0x0001b0    program     extern H:\3rdYear\3rdYearLab\MicroprocessorLabProject\Voice-changer-project\LCD.asm
        LCD_Write_Message   0x0001ce    program     extern H:\3rdYear\3rdYearLab\MicroprocessorLabProject\Voice-changer-project\LCD.asm
                LCD_clear   0x00026a    program     extern H:\3rdYear\3rdYearLab\MicroprocessorLabProject\Voice-changer-project\LCD.asm
                LCD_delay   0x000260    program     static H:\3rdYear\3rdYearLab\MicroprocessorLabProject\Voice-changer-project\LCD.asm
             LCD_delay_ms   0x00023e    program     extern H:\3rdYear\3rdYearLab\MicroprocessorLabProject\Voice-changer-project\LCD.asm
           LCD_delay_x4us   0x00024c    program     static H:\3rdYear\3rdYearLab\MicroprocessorLabProject\Voice-changer-project\LCD.asm
                 LCD_loop   0x0002ec    program     static H:\3rdYear\3rdYearLab\MicroprocessorLabProject\Voice-changer-project\main.asm
          LCD_move_cursor   0x000276    program     extern H:\3rdYear\3rdYearLab\MicroprocessorLabProject\Voice-changer-project\LCD.asm
           SPI_MasterInit   0x0004ca    program     extern H:\3rdYear\3rdYearLab\MicroprocessorLabProject\Voice-changer-project\spi.asm
       SPI_MasterTransmit   0x0004d6    program     extern H:\3rdYear\3rdYearLab\MicroprocessorLabProject\Voice-changer-project\spi.asm
                    START   0x000288    program     static H:\3rdYear\3rdYearLab\MicroprocessorLabProject\Voice-changer-project\main.asm
                    Table   0x0004fa    program     static H:\3rdYear\3rdYearLab\MicroprocessorLabProject\Voice-changer-project\VolumeControl.asm
        UART_Receive_Byte   0x0004c4    program     extern \\icnas1.cc.ic.ac.uk\acn116\3rdYear\3rdYearLab\MicroprocessorLabProject\Voice-changer-project\UART.asm
       UART_Setup_Receive   0x0004a6    program     extern \\icnas1.cc.ic.ac.uk\acn116\3rdYear\3rdYearLab\MicroprocessorLabProject\Voice-changer-project\UART.asm
      UART_Setup_Transmit   0x000494    program     extern \\icnas1.cc.ic.ac.uk\acn116\3rdYear\3rdYearLab\MicroprocessorLabProject\Voice-changer-project\UART.asm
       UART_Transmit_Byte   0x0004bc    program     extern \\icnas1.cc.ic.ac.uk\acn116\3rdYear\3rdYearLab\MicroprocessorLabProject\Voice-changer-project\UART.asm
               VolumeDisp   0x00006c    program     static H:\3rdYear\3rdYearLab\MicroprocessorLabProject\Voice-changer-project\VolumeControl.asm
                 VolumeDo   0x0000c6    program     extern H:\3rdYear\3rdYearLab\MicroprocessorLabProject\Voice-changer-project\VolumeControl.asm
               VolumeRead   0x00005a    program     static H:\3rdYear\3rdYearLab\MicroprocessorLabProject\Voice-changer-project\VolumeControl.asm
                VolumeSet   0x000044    program     static H:\3rdYear\3rdYearLab\MicroprocessorLabProject\Voice-changer-project\VolumeControl.asm
             Volume_Setup   0x000012    program     extern H:\3rdYear\3rdYearLab\MicroprocessorLabProject\Voice-changer-project\VolumeControl.asm
            Wait_Transmit   0x0004da    program     static H:\3rdYear\3rdYearLab\MicroprocessorLabProject\Voice-changer-project\spi.asm
                 adc_loop   0x000402    program     static H:\3rdYear\3rdYearLab\MicroprocessorLabProject\Voice-changer-project\ANALOG_DIGITAL.asm
                adc_loop1   0x00040e    program     static H:\3rdYear\3rdYearLab\MicroprocessorLabProject\Voice-changer-project\ANALOG_DIGITAL.asm
                adc_loop2   0x00041a    program     static H:\3rdYear\3rdYearLab\MicroprocessorLabProject\Voice-changer-project\ANALOG_DIGITAL.asm
                    cond1   0x0000e8    program     static H:\3rdYear\3rdYearLab\MicroprocessorLabProject\Voice-changer-project\VolumeControl.asm
                    cond2   0x00012a    program     static H:\3rdYear\3rdYearLab\MicroprocessorLabProject\Voice-changer-project\VolumeControl.asm
                    cond3   0x00011a    program     static H:\3rdYear\3rdYearLab\MicroprocessorLabProject\Voice-changer-project\VolumeControl.asm
                    delay   0x00013c    program     static H:\3rdYear\3rdYearLab\MicroprocessorLabProject\Voice-changer-project\VolumeControl.asm
                    delay   0x000470    program     static H:\3rdYear\3rdYearLab\MicroprocessorLabProject\Voice-changer-project\digital_analog_12bit.asm
           delay_loop_nop   0x000140    program     static H:\3rdYear\3rdYearLab\MicroprocessorLabProject\Voice-changer-project\VolumeControl.asm
                division1   0x000428    program     static H:\3rdYear\3rdYearLab\MicroprocessorLabProject\Voice-changer-project\division.asm
            division16x16   0x000420    program     extern H:\3rdYear\3rdYearLab\MicroprocessorLabProject\Voice-changer-project\division.asm
                division2   0x000430    program     static H:\3rdYear\3rdYearLab\MicroprocessorLabProject\Voice-changer-project\division.asm
                division3   0x000450    program     static H:\3rdYear\3rdYearLab\MicroprocessorLabProject\Voice-changer-project\division.asm
            division_loop   0x0002f4    program     static H:\3rdYear\3rdYearLab\MicroprocessorLabProject\Voice-changer-project\main.asm
            frequency_mix   0x0002be    program     static H:\3rdYear\3rdYearLab\MicroprocessorLabProject\Voice-changer-project\main.asm
 frequency_multiplication   0x0004e2    program     extern H:\3rdYear\3rdYearLab\MicroprocessorLabProject\Voice-changer-project\frequency_mixer.asm
      gaussian_noise_loop   0x00032a    program     static H:\3rdYear\3rdYearLab\MicroprocessorLabProject\Voice-changer-project\main.asm
                   lcdlp1   0x000262    program     static H:\3rdYear\3rdYearLab\MicroprocessorLabProject\Voice-changer-project\LCD.asm
                   lcdlp2   0x000240    program     static H:\3rdYear\3rdYearLab\MicroprocessorLabProject\Voice-changer-project\LCD.asm
             measure_loop   0x0002a4    program     static H:\3rdYear\3rdYearLab\MicroprocessorLabProject\Voice-changer-project\main.asm
      multiplication16x16   0x00036e    program     extern H:\3rdYear\3rdYearLab\MicroprocessorLabProject\Voice-changer-project\multiplication.asm
       multiplication8x16   0x00034c    program     extern H:\3rdYear\3rdYearLab\MicroprocessorLabProject\Voice-changer-project\multiplication.asm
                     next   0x0000f0    program     static H:\3rdYear\3rdYearLab\MicroprocessorLabProject\Voice-changer-project\VolumeControl.asm
                    next1   0x000130    program     static H:\3rdYear\3rdYearLab\MicroprocessorLabProject\Voice-changer-project\VolumeControl.asm
               noise_loop   0x00030a    program     static H:\3rdYear\3rdYearLab\MicroprocessorLabProject\Voice-changer-project\main.asm
              random_init   0x0003a4    program     extern \\icnas1.cc.ic.ac.uk\acn116\3rdYear\3rdYearLab\MicroprocessorLabProject\Voice-changer-project\pseudo_number_generator.asm
           random_numbers   0x0003ba    program     extern \\icnas1.cc.ic.ac.uk\acn116\3rdYear\3rdYearLab\MicroprocessorLabProject\Voice-changer-project\pseudo_number_generator.asm
               table_loop   0x000038    program     static H:\3rdYear\3rdYearLab\MicroprocessorLabProject\Voice-changer-project\VolumeControl.asm
              table_write   0x000024    program     static H:\3rdYear\3rdYearLab\MicroprocessorLabProject\Voice-changer-project\VolumeControl.asm
                    Array   0x000400       data     static H:\3rdYear\3rdYearLab\MicroprocessorLabProject\Voice-changer-project\VolumeControl.asm
                LCD_cnt_h   0x00000e       data     static H:\3rdYear\3rdYearLab\MicroprocessorLabProject\Voice-changer-project\LCD.asm
                LCD_cnt_l   0x00000d       data     static H:\3rdYear\3rdYearLab\MicroprocessorLabProject\Voice-changer-project\LCD.asm
               LCD_cnt_ms   0x00000f       data     static H:\3rdYear\3rdYearLab\MicroprocessorLabProject\Voice-changer-project\LCD.asm
              LCD_counter   0x000011       data     static H:\3rdYear\3rdYearLab\MicroprocessorLabProject\Voice-changer-project\LCD.asm
           LCD_cursor_pos   0x000012       data     static H:\3rdYear\3rdYearLab\MicroprocessorLabProject\Voice-changer-project\LCD.asm
              LCD_hex_tmp   0x000021       data     extern H:\3rdYear\3rdYearLab\MicroprocessorLabProject\Voice-changer-project\LCD.asm
                  LCD_tmp   0x000010       data     static H:\3rdYear\3rdYearLab\MicroprocessorLabProject\Voice-changer-project\LCD.asm
                        a   0x000026       data     extern \\icnas1.cc.ic.ac.uk\acn116\3rdYear\3rdYearLab\MicroprocessorLabProject\Voice-changer-project\pseudo_number_generator.asm
                      bit   0x00000c       data     static H:\3rdYear\3rdYearLab\MicroprocessorLabProject\Voice-changer-project\multiplication.asm
                        c   0x000028       data     extern \\icnas1.cc.ic.ac.uk\acn116\3rdYear\3rdYearLab\MicroprocessorLabProject\Voice-changer-project\pseudo_number_generator.asm
                    count   0x00001b       data     static H:\3rdYear\3rdYearLab\MicroprocessorLabProject\Voice-changer-project\division.asm
                  counter   0x000020       data     static H:\3rdYear\3rdYearLab\MicroprocessorLabProject\Voice-changer-project\VolumeControl.asm
              delay_count   0x00002a       data     static H:\3rdYear\3rdYearLab\MicroprocessorLabProject\Voice-changer-project\VolumeControl.asm
                   dividh   0x000013       data     extern H:\3rdYear\3rdYearLab\MicroprocessorLabProject\Voice-changer-project\division.asm
              dividh_save   0x000015       data     static H:\3rdYear\3rdYearLab\MicroprocessorLabProject\Voice-changer-project\division.asm
                   dividl   0x000014       data     extern H:\3rdYear\3rdYearLab\MicroprocessorLabProject\Voice-changer-project\division.asm
              dividl_save   0x000016       data     static H:\3rdYear\3rdYearLab\MicroprocessorLabProject\Voice-changer-project\division.asm
                   divish   0x000017       data     extern H:\3rdYear\3rdYearLab\MicroprocessorLabProject\Voice-changer-project\division.asm
                   divisl   0x000018       data     extern H:\3rdYear\3rdYearLab\MicroprocessorLabProject\Voice-changer-project\division.asm
                      k16   0x000000       data     extern H:\3rdYear\3rdYearLab\MicroprocessorLabProject\Voice-changer-project\multiplication.asm
                       k8   0x000002       data     extern H:\3rdYear\3rdYearLab\MicroprocessorLabProject\Voice-changer-project\multiplication.asm
                    mul16   0x000003       data     extern H:\3rdYear\3rdYearLab\MicroprocessorLabProject\Voice-changer-project\multiplication.asm
                 mul1_tmp   0x000021       data     static H:\3rdYear\3rdYearLab\MicroprocessorLabProject\Voice-changer-project\multiplication.asm
                 mul2_tmp   0x000023       data     static H:\3rdYear\3rdYearLab\MicroprocessorLabProject\Voice-changer-project\multiplication.asm
                    noise   0x00002c       data     extern \\icnas1.cc.ic.ac.uk\acn116\3rdYear\3rdYearLab\MicroprocessorLabProject\Voice-changer-project\UART.asm
               output_tmp   0x00002d       data     extern H:\3rdYear\3rdYearLab\MicroprocessorLabProject\Voice-changer-project\frequency_mixer.asm
                prod16x16   0x000008       data     extern H:\3rdYear\3rdYearLab\MicroprocessorLabProject\Voice-changer-project\multiplication.asm
                 prod8x16   0x000005       data     extern H:\3rdYear\3rdYearLab\MicroprocessorLabProject\Voice-changer-project\multiplication.asm
                    quoth   0x000019       data     extern H:\3rdYear\3rdYearLab\MicroprocessorLabProject\Voice-changer-project\division.asm
                    quotl   0x00001a       data     extern H:\3rdYear\3rdYearLab\MicroprocessorLabProject\Voice-changer-project\division.asm
                        s   0x000021       data     extern \\icnas1.cc.ic.ac.uk\acn116\3rdYear\3rdYearLab\MicroprocessorLabProject\Voice-changer-project\pseudo_number_generator.asm
                  voldisp   0x00001d       data     static H:\3rdYear\3rdYearLab\MicroprocessorLabProject\Voice-changer-project\VolumeControl.asm
                   voltmp   0x00001f       data     static H:\3rdYear\3rdYearLab\MicroprocessorLabProject\Voice-changer-project\VolumeControl.asm
                  voltmp1   0x00002b       data     static H:\3rdYear\3rdYearLab\MicroprocessorLabProject\Voice-changer-project\VolumeControl.asm
                   volume   0x00001c       data     static H:\3rdYear\3rdYearLab\MicroprocessorLabProject\Voice-changer-project\VolumeControl.asm



                              Symbols - Sorted by Address
                     Name    Address   Location    Storage File                     
                ---------  ---------  ---------  --------- ---------                
             Volume_Setup   0x000012    program     extern H:\3rdYear\3rdYearLab\MicroprocessorLabProject\Voice-changer-project\VolumeControl.asm
              table_write   0x000024    program     static H:\3rdYear\3rdYearLab\MicroprocessorLabProject\Voice-changer-project\VolumeControl.asm
               table_loop   0x000038    program     static H:\3rdYear\3rdYearLab\MicroprocessorLabProject\Voice-changer-project\VolumeControl.asm
                VolumeSet   0x000044    program     static H:\3rdYear\3rdYearLab\MicroprocessorLabProject\Voice-changer-project\VolumeControl.asm
               VolumeRead   0x00005a    program     static H:\3rdYear\3rdYearLab\MicroprocessorLabProject\Voice-changer-project\VolumeControl.asm
               VolumeDisp   0x00006c    program     static H:\3rdYear\3rdYearLab\MicroprocessorLabProject\Voice-changer-project\VolumeControl.asm
                 VolumeDo   0x0000c6    program     extern H:\3rdYear\3rdYearLab\MicroprocessorLabProject\Voice-changer-project\VolumeControl.asm
                    cond1   0x0000e8    program     static H:\3rdYear\3rdYearLab\MicroprocessorLabProject\Voice-changer-project\VolumeControl.asm
                     next   0x0000f0    program     static H:\3rdYear\3rdYearLab\MicroprocessorLabProject\Voice-changer-project\VolumeControl.asm
                    cond3   0x00011a    program     static H:\3rdYear\3rdYearLab\MicroprocessorLabProject\Voice-changer-project\VolumeControl.asm
                    cond2   0x00012a    program     static H:\3rdYear\3rdYearLab\MicroprocessorLabProject\Voice-changer-project\VolumeControl.asm
                    next1   0x000130    program     static H:\3rdYear\3rdYearLab\MicroprocessorLabProject\Voice-changer-project\VolumeControl.asm
                    delay   0x00013c    program     static H:\3rdYear\3rdYearLab\MicroprocessorLabProject\Voice-changer-project\VolumeControl.asm
           delay_loop_nop   0x000140    program     static H:\3rdYear\3rdYearLab\MicroprocessorLabProject\Voice-changer-project\VolumeControl.asm
                LCD_Setup   0x00015a    program     extern H:\3rdYear\3rdYearLab\MicroprocessorLabProject\Voice-changer-project\LCD.asm
            LCD_Write_Hex   0x0001b0    program     extern H:\3rdYear\3rdYearLab\MicroprocessorLabProject\Voice-changer-project\LCD.asm
              LCD_Hex_Nib   0x0001ba    program     extern H:\3rdYear\3rdYearLab\MicroprocessorLabProject\Voice-changer-project\LCD.asm
        LCD_Write_Message   0x0001ce    program     extern H:\3rdYear\3rdYearLab\MicroprocessorLabProject\Voice-changer-project\LCD.asm
         LCD_Loop_message   0x0001d0    program     static H:\3rdYear\3rdYearLab\MicroprocessorLabProject\Voice-changer-project\LCD.asm
          LCD_Send_Byte_I   0x0001dc    program     static H:\3rdYear\3rdYearLab\MicroprocessorLabProject\Voice-changer-project\LCD.asm
          LCD_Send_Byte_D   0x0001f8    program     extern H:\3rdYear\3rdYearLab\MicroprocessorLabProject\Voice-changer-project\LCD.asm
               LCD_Enable   0x00021a    program     static H:\3rdYear\3rdYearLab\MicroprocessorLabProject\Voice-changer-project\LCD.asm
             LCD_delay_ms   0x00023e    program     extern H:\3rdYear\3rdYearLab\MicroprocessorLabProject\Voice-changer-project\LCD.asm
                   lcdlp2   0x000240    program     static H:\3rdYear\3rdYearLab\MicroprocessorLabProject\Voice-changer-project\LCD.asm
           LCD_delay_x4us   0x00024c    program     static H:\3rdYear\3rdYearLab\MicroprocessorLabProject\Voice-changer-project\LCD.asm
                LCD_delay   0x000260    program     static H:\3rdYear\3rdYearLab\MicroprocessorLabProject\Voice-changer-project\LCD.asm
                   lcdlp1   0x000262    program     static H:\3rdYear\3rdYearLab\MicroprocessorLabProject\Voice-changer-project\LCD.asm
                LCD_clear   0x00026a    program     extern H:\3rdYear\3rdYearLab\MicroprocessorLabProject\Voice-changer-project\LCD.asm
          LCD_move_cursor   0x000276    program     extern H:\3rdYear\3rdYearLab\MicroprocessorLabProject\Voice-changer-project\LCD.asm
                    START   0x000288    program     static H:\3rdYear\3rdYearLab\MicroprocessorLabProject\Voice-changer-project\main.asm
             measure_loop   0x0002a4    program     static H:\3rdYear\3rdYearLab\MicroprocessorLabProject\Voice-changer-project\main.asm
            frequency_mix   0x0002be    program     static H:\3rdYear\3rdYearLab\MicroprocessorLabProject\Voice-changer-project\main.asm
                 LCD_loop   0x0002ec    program     static H:\3rdYear\3rdYearLab\MicroprocessorLabProject\Voice-changer-project\main.asm
            division_loop   0x0002f4    program     static H:\3rdYear\3rdYearLab\MicroprocessorLabProject\Voice-changer-project\main.asm
               noise_loop   0x00030a    program     static H:\3rdYear\3rdYearLab\MicroprocessorLabProject\Voice-changer-project\main.asm
      gaussian_noise_loop   0x00032a    program     static H:\3rdYear\3rdYearLab\MicroprocessorLabProject\Voice-changer-project\main.asm
       multiplication8x16   0x00034c    program     extern H:\3rdYear\3rdYearLab\MicroprocessorLabProject\Voice-changer-project\multiplication.asm
      multiplication16x16   0x00036e    program     extern H:\3rdYear\3rdYearLab\MicroprocessorLabProject\Voice-changer-project\multiplication.asm
              random_init   0x0003a4    program     extern \\icnas1.cc.ic.ac.uk\acn116\3rdYear\3rdYearLab\MicroprocessorLabProject\Voice-changer-project\pseudo_number_generator.asm
           random_numbers   0x0003ba    program     extern \\icnas1.cc.ic.ac.uk\acn116\3rdYear\3rdYearLab\MicroprocessorLabProject\Voice-changer-project\pseudo_number_generator.asm
                ADC_Setup   0x0003e2    program     extern H:\3rdYear\3rdYearLab\MicroprocessorLabProject\Voice-changer-project\ANALOG_DIGITAL.asm
              ADC_read_A0   0x0003fc    program     extern H:\3rdYear\3rdYearLab\MicroprocessorLabProject\Voice-changer-project\ANALOG_DIGITAL.asm
                 adc_loop   0x000402    program     static H:\3rdYear\3rdYearLab\MicroprocessorLabProject\Voice-changer-project\ANALOG_DIGITAL.asm
              ADC_read_A5   0x000408    program     extern H:\3rdYear\3rdYearLab\MicroprocessorLabProject\Voice-changer-project\ANALOG_DIGITAL.asm
                adc_loop1   0x00040e    program     static H:\3rdYear\3rdYearLab\MicroprocessorLabProject\Voice-changer-project\ANALOG_DIGITAL.asm
              ADC_read_A1   0x000414    program     extern H:\3rdYear\3rdYearLab\MicroprocessorLabProject\Voice-changer-project\ANALOG_DIGITAL.asm
                adc_loop2   0x00041a    program     static H:\3rdYear\3rdYearLab\MicroprocessorLabProject\Voice-changer-project\ANALOG_DIGITAL.asm
            division16x16   0x000420    program     extern H:\3rdYear\3rdYearLab\MicroprocessorLabProject\Voice-changer-project\division.asm
                division1   0x000428    program     static H:\3rdYear\3rdYearLab\MicroprocessorLabProject\Voice-changer-project\division.asm
                division2   0x000430    program     static H:\3rdYear\3rdYearLab\MicroprocessorLabProject\Voice-changer-project\division.asm
                division3   0x000450    program     static H:\3rdYear\3rdYearLab\MicroprocessorLabProject\Voice-changer-project\division.asm
                DAC_Setup   0x00045a    program     extern H:\3rdYear\3rdYearLab\MicroprocessorLabProject\Voice-changer-project\digital_analog_12bit.asm
                    delay   0x000470    program     static H:\3rdYear\3rdYearLab\MicroprocessorLabProject\Voice-changer-project\digital_analog_12bit.asm
                DAC_write   0x000476    program     extern H:\3rdYear\3rdYearLab\MicroprocessorLabProject\Voice-changer-project\digital_analog_12bit.asm
            DAC_end_write   0x000484    program     extern H:\3rdYear\3rdYearLab\MicroprocessorLabProject\Voice-changer-project\digital_analog_12bit.asm
      UART_Setup_Transmit   0x000494    program     extern \\icnas1.cc.ic.ac.uk\acn116\3rdYear\3rdYearLab\MicroprocessorLabProject\Voice-changer-project\UART.asm
       UART_Setup_Receive   0x0004a6    program     extern \\icnas1.cc.ic.ac.uk\acn116\3rdYear\3rdYearLab\MicroprocessorLabProject\Voice-changer-project\UART.asm
       UART_Transmit_Byte   0x0004bc    program     extern \\icnas1.cc.ic.ac.uk\acn116\3rdYear\3rdYearLab\MicroprocessorLabProject\Voice-changer-project\UART.asm
        UART_Receive_Byte   0x0004c4    program     extern \\icnas1.cc.ic.ac.uk\acn116\3rdYear\3rdYearLab\MicroprocessorLabProject\Voice-changer-project\UART.asm
           SPI_MasterInit   0x0004ca    program     extern H:\3rdYear\3rdYearLab\MicroprocessorLabProject\Voice-changer-project\spi.asm
       SPI_MasterTransmit   0x0004d6    program     extern H:\3rdYear\3rdYearLab\MicroprocessorLabProject\Voice-changer-project\spi.asm
            Wait_Transmit   0x0004da    program     static H:\3rdYear\3rdYearLab\MicroprocessorLabProject\Voice-changer-project\spi.asm
 frequency_multiplication   0x0004e2    program     extern H:\3rdYear\3rdYearLab\MicroprocessorLabProject\Voice-changer-project\frequency_mixer.asm
                    Table   0x0004fa    program     static H:\3rdYear\3rdYearLab\MicroprocessorLabProject\Voice-changer-project\VolumeControl.asm
                      k16   0x000000       data     extern H:\3rdYear\3rdYearLab\MicroprocessorLabProject\Voice-changer-project\multiplication.asm
                       k8   0x000002       data     extern H:\3rdYear\3rdYearLab\MicroprocessorLabProject\Voice-changer-project\multiplication.asm
                    mul16   0x000003       data     extern H:\3rdYear\3rdYearLab\MicroprocessorLabProject\Voice-changer-project\multiplication.asm
                 prod8x16   0x000005       data     extern H:\3rdYear\3rdYearLab\MicroprocessorLabProject\Voice-changer-project\multiplication.asm
                prod16x16   0x000008       data     extern H:\3rdYear\3rdYearLab\MicroprocessorLabProject\Voice-changer-project\multiplication.asm
                      bit   0x00000c       data     static H:\3rdYear\3rdYearLab\MicroprocessorLabProject\Voice-changer-project\multiplication.asm
                LCD_cnt_l   0x00000d       data     static H:\3rdYear\3rdYearLab\MicroprocessorLabProject\Voice-changer-project\LCD.asm
                LCD_cnt_h   0x00000e       data     static H:\3rdYear\3rdYearLab\MicroprocessorLabProject\Voice-changer-project\LCD.asm
               LCD_cnt_ms   0x00000f       data     static H:\3rdYear\3rdYearLab\MicroprocessorLabProject\Voice-changer-project\LCD.asm
                  LCD_tmp   0x000010       data     static H:\3rdYear\3rdYearLab\MicroprocessorLabProject\Voice-changer-project\LCD.asm
              LCD_counter   0x000011       data     static H:\3rdYear\3rdYearLab\MicroprocessorLabProject\Voice-changer-project\LCD.asm
           LCD_cursor_pos   0x000012       data     static H:\3rdYear\3rdYearLab\MicroprocessorLabProject\Voice-changer-project\LCD.asm
                   dividh   0x000013       data     extern H:\3rdYear\3rdYearLab\MicroprocessorLabProject\Voice-changer-project\division.asm
                   dividl   0x000014       data     extern H:\3rdYear\3rdYearLab\MicroprocessorLabProject\Voice-changer-project\division.asm
              dividh_save   0x000015       data     static H:\3rdYear\3rdYearLab\MicroprocessorLabProject\Voice-changer-project\division.asm
              dividl_save   0x000016       data     static H:\3rdYear\3rdYearLab\MicroprocessorLabProject\Voice-changer-project\division.asm
                   divish   0x000017       data     extern H:\3rdYear\3rdYearLab\MicroprocessorLabProject\Voice-changer-project\division.asm
                   divisl   0x000018       data     extern H:\3rdYear\3rdYearLab\MicroprocessorLabProject\Voice-changer-project\division.asm
                    quoth   0x000019       data     extern H:\3rdYear\3rdYearLab\MicroprocessorLabProject\Voice-changer-project\division.asm
                    quotl   0x00001a       data     extern H:\3rdYear\3rdYearLab\MicroprocessorLabProject\Voice-changer-project\division.asm
                    count   0x00001b       data     static H:\3rdYear\3rdYearLab\MicroprocessorLabProject\Voice-changer-project\division.asm
                   volume   0x00001c       data     static H:\3rdYear\3rdYearLab\MicroprocessorLabProject\Voice-changer-project\VolumeControl.asm
                  voldisp   0x00001d       data     static H:\3rdYear\3rdYearLab\MicroprocessorLabProject\Voice-changer-project\VolumeControl.asm
                   voltmp   0x00001f       data     static H:\3rdYear\3rdYearLab\MicroprocessorLabProject\Voice-changer-project\VolumeControl.asm
                  counter   0x000020       data     static H:\3rdYear\3rdYearLab\MicroprocessorLabProject\Voice-changer-project\VolumeControl.asm
                 mul1_tmp   0x000021       data     static H:\3rdYear\3rdYearLab\MicroprocessorLabProject\Voice-changer-project\multiplication.asm
              LCD_hex_tmp   0x000021       data     extern H:\3rdYear\3rdYearLab\MicroprocessorLabProject\Voice-changer-project\LCD.asm
                        s   0x000021       data     extern \\icnas1.cc.ic.ac.uk\acn116\3rdYear\3rdYearLab\MicroprocessorLabProject\Voice-changer-project\pseudo_number_generator.asm
                 mul2_tmp   0x000023       data     static H:\3rdYear\3rdYearLab\MicroprocessorLabProject\Voice-changer-project\multiplication.asm
                        a   0x000026       data     extern \\icnas1.cc.ic.ac.uk\acn116\3rdYear\3rdYearLab\MicroprocessorLabProject\Voice-changer-project\pseudo_number_generator.asm
                        c   0x000028       data     extern \\icnas1.cc.ic.ac.uk\acn116\3rdYear\3rdYearLab\MicroprocessorLabProject\Voice-changer-project\pseudo_number_generator.asm
              delay_count   0x00002a       data     static H:\3rdYear\3rdYearLab\MicroprocessorLabProject\Voice-changer-project\VolumeControl.asm
                  voltmp1   0x00002b       data     static H:\3rdYear\3rdYearLab\MicroprocessorLabProject\Voice-changer-project\VolumeControl.asm
                    noise   0x00002c       data     extern \\icnas1.cc.ic.ac.uk\acn116\3rdYear\3rdYearLab\MicroprocessorLabProject\Voice-changer-project\UART.asm
               output_tmp   0x00002d       data     extern H:\3rdYear\3rdYearLab\MicroprocessorLabProject\Voice-changer-project\frequency_mixer.asm
                    Array   0x000400       data     static H:\3rdYear\3rdYearLab\MicroprocessorLabProject\Voice-changer-project\VolumeControl.asm


