MPLINK 5.09, LINKER
Linker Map File - Created Tue Feb 26 16:58:06 2019

                                 Section Info
                  Section       Type    Address   Location Size(Bytes)
                ---------  ---------  ---------  ---------  ---------
                 RES_VECT       code   0x000000    program   0x000004
                   .cinit    romdata   0x000004    program   0x000002
                   int_hi       code   0x000008    program   0x00000a
            VolumeControl       code   0x000012    program   0x000142
                      LCD       code   0x000154    program   0x00012e
                MAIN_PROG       code   0x000282    program   0x00007a
           Multiplication       code   0x0002fc    program   0x000058
                      ADC       code   0x000354    program   0x00003e
                 Division       code   0x000392    program   0x00003a
                      DAC       code   0x0003cc    program   0x00003a
                      SPI       code   0x000406    program   0x000018
         Frequency_shift_       code   0x00041e    program   0x000018
                    pdata       code   0x000436    program   0x000008
.config_300000_BUILD/DEFAULT/PRODUCTION/CONFIG.    romdata   0x300000    program   0x000001
.config_300001_BUILD/DEFAULT/PRODUCTION/CONFIG.    romdata   0x300001    program   0x000001
.config_300002_BUILD/DEFAULT/PRODUCTION/CONFIG.    romdata   0x300002    program   0x000001
.config_300003_BUILD/DEFAULT/PRODUCTION/CONFIG.    romdata   0x300003    program   0x000001
.config_300004_BUILD/DEFAULT/PRODUCTION/CONFIG.    romdata   0x300004    program   0x000001
.config_300005_BUILD/DEFAULT/PRODUCTION/CONFIG.    romdata   0x300005    program   0x000001
.config_300006_BUILD/DEFAULT/PRODUCTION/CONFIG.    romdata   0x300006    program   0x000001
.config_300008_BUILD/DEFAULT/PRODUCTION/CONFIG.    romdata   0x300008    program   0x000001
.config_300009_BUILD/DEFAULT/PRODUCTION/CONFIG.    romdata   0x300009    program   0x000001
.config_30000A_BUILD/DEFAULT/PRODUCTION/CONFIG.    romdata   0x30000a    program   0x000001
.config_30000B_BUILD/DEFAULT/PRODUCTION/CONFIG.    romdata   0x30000b    program   0x000001
.config_30000C_BUILD/DEFAULT/PRODUCTION/CONFIG.    romdata   0x30000c    program   0x000001
.config_30000D_BUILD/DEFAULT/PRODUCTION/CONFIG.    romdata   0x30000d    program   0x000001
                     acs0      udata   0x000000       data   0x000013
                  acs_div      udata   0x000013       data   0x000009
                  acs_vol      udata   0x00001c       data   0x000005
                  acs_ovr      udata   0x000021       data   0x000005
                  acs_tmp      udata   0x000026       data   0x000002
                     acs1      udata   0x000028       data   0x000001
                   tables      udata   0x000400       data   0x000080



                              Program Memory Usage 
                               Start         End      
                           ---------   ---------      
                            0x000000    0x000005      
                            0x000008    0x00043d      
                            0x300000    0x300006      
                            0x300008    0x30000d      
            1097 out of 132120 program addresses used, program memory utilization is 0%



                              Symbols - Sorted by Name
                     Name    Address   Location    Storage File                     
                ---------  ---------  ---------  --------- ---------                
                ADC_Setup   0x000354    program     extern H:\3rdYear\3rdYearLab\MicroprocessorLabProject\Voice-changer-project\ANALOG_DIGITAL.asm
              ADC_read_A0   0x00036e    program     extern H:\3rdYear\3rdYearLab\MicroprocessorLabProject\Voice-changer-project\ANALOG_DIGITAL.asm
              ADC_read_A1   0x000386    program     extern H:\3rdYear\3rdYearLab\MicroprocessorLabProject\Voice-changer-project\ANALOG_DIGITAL.asm
              ADC_read_A5   0x00037a    program     extern H:\3rdYear\3rdYearLab\MicroprocessorLabProject\Voice-changer-project\ANALOG_DIGITAL.asm
                DAC_Setup   0x0003cc    program     extern H:\3rdYear\3rdYearLab\MicroprocessorLabProject\Voice-changer-project\digital_analog_12bit.asm
            DAC_end_write   0x0003f6    program     extern H:\3rdYear\3rdYearLab\MicroprocessorLabProject\Voice-changer-project\digital_analog_12bit.asm
                DAC_write   0x0003e8    program     extern H:\3rdYear\3rdYearLab\MicroprocessorLabProject\Voice-changer-project\digital_analog_12bit.asm
               LCD_Enable   0x000214    program     static H:\3rdYear\3rdYearLab\MicroprocessorLabProject\Voice-changer-project\LCD.asm
              LCD_Hex_Nib   0x0001b4    program     extern H:\3rdYear\3rdYearLab\MicroprocessorLabProject\Voice-changer-project\LCD.asm
         LCD_Loop_message   0x0001ca    program     static H:\3rdYear\3rdYearLab\MicroprocessorLabProject\Voice-changer-project\LCD.asm
          LCD_Send_Byte_D   0x0001f2    program     extern H:\3rdYear\3rdYearLab\MicroprocessorLabProject\Voice-changer-project\LCD.asm
          LCD_Send_Byte_I   0x0001d6    program     static H:\3rdYear\3rdYearLab\MicroprocessorLabProject\Voice-changer-project\LCD.asm
                LCD_Setup   0x000154    program     extern H:\3rdYear\3rdYearLab\MicroprocessorLabProject\Voice-changer-project\LCD.asm
            LCD_Write_Hex   0x0001aa    program     extern H:\3rdYear\3rdYearLab\MicroprocessorLabProject\Voice-changer-project\LCD.asm
        LCD_Write_Message   0x0001c8    program     extern H:\3rdYear\3rdYearLab\MicroprocessorLabProject\Voice-changer-project\LCD.asm
                LCD_clear   0x000264    program     extern H:\3rdYear\3rdYearLab\MicroprocessorLabProject\Voice-changer-project\LCD.asm
                LCD_delay   0x00025a    program     static H:\3rdYear\3rdYearLab\MicroprocessorLabProject\Voice-changer-project\LCD.asm
             LCD_delay_ms   0x000238    program     extern H:\3rdYear\3rdYearLab\MicroprocessorLabProject\Voice-changer-project\LCD.asm
           LCD_delay_x4us   0x000246    program     static H:\3rdYear\3rdYearLab\MicroprocessorLabProject\Voice-changer-project\LCD.asm
                 LCD_loop   0x0002de    program     static H:\3rdYear\3rdYearLab\MicroprocessorLabProject\Voice-changer-project\main.asm
          LCD_move_cursor   0x000270    program     extern H:\3rdYear\3rdYearLab\MicroprocessorLabProject\Voice-changer-project\LCD.asm
           SPI_MasterInit   0x000406    program     extern H:\3rdYear\3rdYearLab\MicroprocessorLabProject\Voice-changer-project\spi.asm
       SPI_MasterTransmit   0x000412    program     extern H:\3rdYear\3rdYearLab\MicroprocessorLabProject\Voice-changer-project\spi.asm
                    START   0x000282    program     static H:\3rdYear\3rdYearLab\MicroprocessorLabProject\Voice-changer-project\main.asm
                    Table   0x000436    program     static H:\3rdYear\3rdYearLab\MicroprocessorLabProject\Voice-changer-project\VolumeControl.asm
               VolumeDisp   0x00006c    program     static H:\3rdYear\3rdYearLab\MicroprocessorLabProject\Voice-changer-project\VolumeControl.asm
                 VolumeDo   0x0000c6    program     extern H:\3rdYear\3rdYearLab\MicroprocessorLabProject\Voice-changer-project\VolumeControl.asm
               VolumeRead   0x00005a    program     static H:\3rdYear\3rdYearLab\MicroprocessorLabProject\Voice-changer-project\VolumeControl.asm
                VolumeSet   0x000044    program     static H:\3rdYear\3rdYearLab\MicroprocessorLabProject\Voice-changer-project\VolumeControl.asm
             Volume_Setup   0x000012    program     extern H:\3rdYear\3rdYearLab\MicroprocessorLabProject\Voice-changer-project\VolumeControl.asm
            Wait_Transmit   0x000416    program     static H:\3rdYear\3rdYearLab\MicroprocessorLabProject\Voice-changer-project\spi.asm
                 adc_loop   0x000374    program     static H:\3rdYear\3rdYearLab\MicroprocessorLabProject\Voice-changer-project\ANALOG_DIGITAL.asm
                adc_loop1   0x000380    program     static H:\3rdYear\3rdYearLab\MicroprocessorLabProject\Voice-changer-project\ANALOG_DIGITAL.asm
                adc_loop2   0x00038c    program     static H:\3rdYear\3rdYearLab\MicroprocessorLabProject\Voice-changer-project\ANALOG_DIGITAL.asm
                    cond1   0x0000e8    program     static H:\3rdYear\3rdYearLab\MicroprocessorLabProject\Voice-changer-project\VolumeControl.asm
                    cond2   0x000124    program     static H:\3rdYear\3rdYearLab\MicroprocessorLabProject\Voice-changer-project\VolumeControl.asm
                    cond3   0x000114    program     static H:\3rdYear\3rdYearLab\MicroprocessorLabProject\Voice-changer-project\VolumeControl.asm
                    delay   0x000136    program     static H:\3rdYear\3rdYearLab\MicroprocessorLabProject\Voice-changer-project\VolumeControl.asm
                    delay   0x0003e2    program     static H:\3rdYear\3rdYearLab\MicroprocessorLabProject\Voice-changer-project\digital_analog_12bit.asm
           delay_loop_nop   0x00013a    program     static H:\3rdYear\3rdYearLab\MicroprocessorLabProject\Voice-changer-project\VolumeControl.asm
                division1   0x00039a    program     static H:\3rdYear\3rdYearLab\MicroprocessorLabProject\Voice-changer-project\division.asm
            division16x16   0x000392    program     extern H:\3rdYear\3rdYearLab\MicroprocessorLabProject\Voice-changer-project\division.asm
                division2   0x0003a2    program     static H:\3rdYear\3rdYearLab\MicroprocessorLabProject\Voice-changer-project\division.asm
                division3   0x0003c2    program     static H:\3rdYear\3rdYearLab\MicroprocessorLabProject\Voice-changer-project\division.asm
            division_loop   0x0002e6    program     static H:\3rdYear\3rdYearLab\MicroprocessorLabProject\Voice-changer-project\main.asm
            frequency_mix   0x0002b0    program     static H:\3rdYear\3rdYearLab\MicroprocessorLabProject\Voice-changer-project\main.asm
 frequency_multiplication   0x00041e    program     extern H:\3rdYear\3rdYearLab\MicroprocessorLabProject\Voice-changer-project\frequency_mixer.asm
                   lcdlp1   0x00025c    program     static H:\3rdYear\3rdYearLab\MicroprocessorLabProject\Voice-changer-project\LCD.asm
                   lcdlp2   0x00023a    program     static H:\3rdYear\3rdYearLab\MicroprocessorLabProject\Voice-changer-project\LCD.asm
             measure_loop   0x000296    program     static H:\3rdYear\3rdYearLab\MicroprocessorLabProject\Voice-changer-project\main.asm
      multiplication16x16   0x00031e    program     extern H:\3rdYear\3rdYearLab\MicroprocessorLabProject\Voice-changer-project\multiplication.asm
       multiplication8x16   0x0002fc    program     extern H:\3rdYear\3rdYearLab\MicroprocessorLabProject\Voice-changer-project\multiplication.asm
                     next   0x0000f0    program     static H:\3rdYear\3rdYearLab\MicroprocessorLabProject\Voice-changer-project\VolumeControl.asm
                    next1   0x00012a    program     static H:\3rdYear\3rdYearLab\MicroprocessorLabProject\Voice-changer-project\VolumeControl.asm
               table_loop   0x000038    program     static H:\3rdYear\3rdYearLab\MicroprocessorLabProject\Voice-changer-project\VolumeControl.asm
              table_write   0x000024    program     static H:\3rdYear\3rdYearLab\MicroprocessorLabProject\Voice-changer-project\VolumeControl.asm
                    Array   0x000400       data     static H:\3rdYear\3rdYearLab\MicroprocessorLabProject\Voice-changer-project\VolumeControl.asm
                LCD_cnt_h   0x00000e       data     static H:\3rdYear\3rdYearLab\MicroprocessorLabProject\Voice-changer-project\LCD.asm
                LCD_cnt_l   0x00000d       data     static H:\3rdYear\3rdYearLab\MicroprocessorLabProject\Voice-changer-project\LCD.asm
               LCD_cnt_ms   0x00000f       data     static H:\3rdYear\3rdYearLab\MicroprocessorLabProject\Voice-changer-project\LCD.asm
              LCD_counter   0x000011       data     static H:\3rdYear\3rdYearLab\MicroprocessorLabProject\Voice-changer-project\LCD.asm
           LCD_cursor_pos   0x000012       data     static H:\3rdYear\3rdYearLab\MicroprocessorLabProject\Voice-changer-project\LCD.asm
              LCD_hex_tmp   0x000021       data     extern H:\3rdYear\3rdYearLab\MicroprocessorLabProject\Voice-changer-project\LCD.asm
                  LCD_tmp   0x000010       data     static H:\3rdYear\3rdYearLab\MicroprocessorLabProject\Voice-changer-project\LCD.asm
                      bit   0x00000c       data     static H:\3rdYear\3rdYearLab\MicroprocessorLabProject\Voice-changer-project\multiplication.asm
                    count   0x00001b       data     static H:\3rdYear\3rdYearLab\MicroprocessorLabProject\Voice-changer-project\division.asm
                  counter   0x000020       data     static H:\3rdYear\3rdYearLab\MicroprocessorLabProject\Voice-changer-project\VolumeControl.asm
              delay_count   0x000026       data     static H:\3rdYear\3rdYearLab\MicroprocessorLabProject\Voice-changer-project\VolumeControl.asm
                   dividh   0x000013       data     extern H:\3rdYear\3rdYearLab\MicroprocessorLabProject\Voice-changer-project\division.asm
              dividh_save   0x000015       data     static H:\3rdYear\3rdYearLab\MicroprocessorLabProject\Voice-changer-project\division.asm
                   dividl   0x000014       data     extern H:\3rdYear\3rdYearLab\MicroprocessorLabProject\Voice-changer-project\division.asm
              dividl_save   0x000016       data     static H:\3rdYear\3rdYearLab\MicroprocessorLabProject\Voice-changer-project\division.asm
                   divish   0x000017       data     extern H:\3rdYear\3rdYearLab\MicroprocessorLabProject\Voice-changer-project\division.asm
                   divisl   0x000018       data     extern H:\3rdYear\3rdYearLab\MicroprocessorLabProject\Voice-changer-project\division.asm
                      k16   0x000000       data     extern H:\3rdYear\3rdYearLab\MicroprocessorLabProject\Voice-changer-project\multiplication.asm
                       k8   0x000002       data     extern H:\3rdYear\3rdYearLab\MicroprocessorLabProject\Voice-changer-project\multiplication.asm
                    mul16   0x000003       data     extern H:\3rdYear\3rdYearLab\MicroprocessorLabProject\Voice-changer-project\multiplication.asm
                 mul1_tmp   0x000021       data     static H:\3rdYear\3rdYearLab\MicroprocessorLabProject\Voice-changer-project\multiplication.asm
                 mul2_tmp   0x000023       data     static H:\3rdYear\3rdYearLab\MicroprocessorLabProject\Voice-changer-project\multiplication.asm
               output_tmp   0x000028       data     extern H:\3rdYear\3rdYearLab\MicroprocessorLabProject\Voice-changer-project\frequency_mixer.asm
                prod16x16   0x000008       data     extern H:\3rdYear\3rdYearLab\MicroprocessorLabProject\Voice-changer-project\multiplication.asm
                 prod8x16   0x000005       data     extern H:\3rdYear\3rdYearLab\MicroprocessorLabProject\Voice-changer-project\multiplication.asm
                    quoth   0x000019       data     extern H:\3rdYear\3rdYearLab\MicroprocessorLabProject\Voice-changer-project\division.asm
                    quotl   0x00001a       data     extern H:\3rdYear\3rdYearLab\MicroprocessorLabProject\Voice-changer-project\division.asm
                  voldisp   0x00001d       data     static H:\3rdYear\3rdYearLab\MicroprocessorLabProject\Voice-changer-project\VolumeControl.asm
                   voltmp   0x00001f       data     static H:\3rdYear\3rdYearLab\MicroprocessorLabProject\Voice-changer-project\VolumeControl.asm
                  voltmp1   0x000027       data     static H:\3rdYear\3rdYearLab\MicroprocessorLabProject\Voice-changer-project\VolumeControl.asm
                   volume   0x00001c       data     static H:\3rdYear\3rdYearLab\MicroprocessorLabProject\Voice-changer-project\VolumeControl.asm



                              Symbols - Sorted by Address
                     Name    Address   Location    Storage File                     
                ---------  ---------  ---------  --------- ---------                
             Volume_Setup   0x000012    program     extern H:\3rdYear\3rdYearLab\MicroprocessorLabProject\Voice-changer-project\VolumeControl.asm
              table_write   0x000024    program     static H:\3rdYear\3rdYearLab\MicroprocessorLabProject\Voice-changer-project\VolumeControl.asm
               table_loop   0x000038    program     static H:\3rdYear\3rdYearLab\MicroprocessorLabProject\Voice-changer-project\VolumeControl.asm
                VolumeSet   0x000044    program     static H:\3rdYear\3rdYearLab\MicroprocessorLabProject\Voice-changer-project\VolumeControl.asm
               VolumeRead   0x00005a    program     static H:\3rdYear\3rdYearLab\MicroprocessorLabProject\Voice-changer-project\VolumeControl.asm
               VolumeDisp   0x00006c    program     static H:\3rdYear\3rdYearLab\MicroprocessorLabProject\Voice-changer-project\VolumeControl.asm
                 VolumeDo   0x0000c6    program     extern H:\3rdYear\3rdYearLab\MicroprocessorLabProject\Voice-changer-project\VolumeControl.asm
                    cond1   0x0000e8    program     static H:\3rdYear\3rdYearLab\MicroprocessorLabProject\Voice-changer-project\VolumeControl.asm
                     next   0x0000f0    program     static H:\3rdYear\3rdYearLab\MicroprocessorLabProject\Voice-changer-project\VolumeControl.asm
                    cond3   0x000114    program     static H:\3rdYear\3rdYearLab\MicroprocessorLabProject\Voice-changer-project\VolumeControl.asm
                    cond2   0x000124    program     static H:\3rdYear\3rdYearLab\MicroprocessorLabProject\Voice-changer-project\VolumeControl.asm
                    next1   0x00012a    program     static H:\3rdYear\3rdYearLab\MicroprocessorLabProject\Voice-changer-project\VolumeControl.asm
                    delay   0x000136    program     static H:\3rdYear\3rdYearLab\MicroprocessorLabProject\Voice-changer-project\VolumeControl.asm
           delay_loop_nop   0x00013a    program     static H:\3rdYear\3rdYearLab\MicroprocessorLabProject\Voice-changer-project\VolumeControl.asm
                LCD_Setup   0x000154    program     extern H:\3rdYear\3rdYearLab\MicroprocessorLabProject\Voice-changer-project\LCD.asm
            LCD_Write_Hex   0x0001aa    program     extern H:\3rdYear\3rdYearLab\MicroprocessorLabProject\Voice-changer-project\LCD.asm
              LCD_Hex_Nib   0x0001b4    program     extern H:\3rdYear\3rdYearLab\MicroprocessorLabProject\Voice-changer-project\LCD.asm
        LCD_Write_Message   0x0001c8    program     extern H:\3rdYear\3rdYearLab\MicroprocessorLabProject\Voice-changer-project\LCD.asm
         LCD_Loop_message   0x0001ca    program     static H:\3rdYear\3rdYearLab\MicroprocessorLabProject\Voice-changer-project\LCD.asm
          LCD_Send_Byte_I   0x0001d6    program     static H:\3rdYear\3rdYearLab\MicroprocessorLabProject\Voice-changer-project\LCD.asm
          LCD_Send_Byte_D   0x0001f2    program     extern H:\3rdYear\3rdYearLab\MicroprocessorLabProject\Voice-changer-project\LCD.asm
               LCD_Enable   0x000214    program     static H:\3rdYear\3rdYearLab\MicroprocessorLabProject\Voice-changer-project\LCD.asm
             LCD_delay_ms   0x000238    program     extern H:\3rdYear\3rdYearLab\MicroprocessorLabProject\Voice-changer-project\LCD.asm
                   lcdlp2   0x00023a    program     static H:\3rdYear\3rdYearLab\MicroprocessorLabProject\Voice-changer-project\LCD.asm
           LCD_delay_x4us   0x000246    program     static H:\3rdYear\3rdYearLab\MicroprocessorLabProject\Voice-changer-project\LCD.asm
                LCD_delay   0x00025a    program     static H:\3rdYear\3rdYearLab\MicroprocessorLabProject\Voice-changer-project\LCD.asm
                   lcdlp1   0x00025c    program     static H:\3rdYear\3rdYearLab\MicroprocessorLabProject\Voice-changer-project\LCD.asm
                LCD_clear   0x000264    program     extern H:\3rdYear\3rdYearLab\MicroprocessorLabProject\Voice-changer-project\LCD.asm
          LCD_move_cursor   0x000270    program     extern H:\3rdYear\3rdYearLab\MicroprocessorLabProject\Voice-changer-project\LCD.asm
                    START   0x000282    program     static H:\3rdYear\3rdYearLab\MicroprocessorLabProject\Voice-changer-project\main.asm
             measure_loop   0x000296    program     static H:\3rdYear\3rdYearLab\MicroprocessorLabProject\Voice-changer-project\main.asm
            frequency_mix   0x0002b0    program     static H:\3rdYear\3rdYearLab\MicroprocessorLabProject\Voice-changer-project\main.asm
                 LCD_loop   0x0002de    program     static H:\3rdYear\3rdYearLab\MicroprocessorLabProject\Voice-changer-project\main.asm
            division_loop   0x0002e6    program     static H:\3rdYear\3rdYearLab\MicroprocessorLabProject\Voice-changer-project\main.asm
       multiplication8x16   0x0002fc    program     extern H:\3rdYear\3rdYearLab\MicroprocessorLabProject\Voice-changer-project\multiplication.asm
      multiplication16x16   0x00031e    program     extern H:\3rdYear\3rdYearLab\MicroprocessorLabProject\Voice-changer-project\multiplication.asm
                ADC_Setup   0x000354    program     extern H:\3rdYear\3rdYearLab\MicroprocessorLabProject\Voice-changer-project\ANALOG_DIGITAL.asm
              ADC_read_A0   0x00036e    program     extern H:\3rdYear\3rdYearLab\MicroprocessorLabProject\Voice-changer-project\ANALOG_DIGITAL.asm
                 adc_loop   0x000374    program     static H:\3rdYear\3rdYearLab\MicroprocessorLabProject\Voice-changer-project\ANALOG_DIGITAL.asm
              ADC_read_A5   0x00037a    program     extern H:\3rdYear\3rdYearLab\MicroprocessorLabProject\Voice-changer-project\ANALOG_DIGITAL.asm
                adc_loop1   0x000380    program     static H:\3rdYear\3rdYearLab\MicroprocessorLabProject\Voice-changer-project\ANALOG_DIGITAL.asm
              ADC_read_A1   0x000386    program     extern H:\3rdYear\3rdYearLab\MicroprocessorLabProject\Voice-changer-project\ANALOG_DIGITAL.asm
                adc_loop2   0x00038c    program     static H:\3rdYear\3rdYearLab\MicroprocessorLabProject\Voice-changer-project\ANALOG_DIGITAL.asm
            division16x16   0x000392    program     extern H:\3rdYear\3rdYearLab\MicroprocessorLabProject\Voice-changer-project\division.asm
                division1   0x00039a    program     static H:\3rdYear\3rdYearLab\MicroprocessorLabProject\Voice-changer-project\division.asm
                division2   0x0003a2    program     static H:\3rdYear\3rdYearLab\MicroprocessorLabProject\Voice-changer-project\division.asm
                division3   0x0003c2    program     static H:\3rdYear\3rdYearLab\MicroprocessorLabProject\Voice-changer-project\division.asm
                DAC_Setup   0x0003cc    program     extern H:\3rdYear\3rdYearLab\MicroprocessorLabProject\Voice-changer-project\digital_analog_12bit.asm
                    delay   0x0003e2    program     static H:\3rdYear\3rdYearLab\MicroprocessorLabProject\Voice-changer-project\digital_analog_12bit.asm
                DAC_write   0x0003e8    program     extern H:\3rdYear\3rdYearLab\MicroprocessorLabProject\Voice-changer-project\digital_analog_12bit.asm
            DAC_end_write   0x0003f6    program     extern H:\3rdYear\3rdYearLab\MicroprocessorLabProject\Voice-changer-project\digital_analog_12bit.asm
           SPI_MasterInit   0x000406    program     extern H:\3rdYear\3rdYearLab\MicroprocessorLabProject\Voice-changer-project\spi.asm
       SPI_MasterTransmit   0x000412    program     extern H:\3rdYear\3rdYearLab\MicroprocessorLabProject\Voice-changer-project\spi.asm
            Wait_Transmit   0x000416    program     static H:\3rdYear\3rdYearLab\MicroprocessorLabProject\Voice-changer-project\spi.asm
 frequency_multiplication   0x00041e    program     extern H:\3rdYear\3rdYearLab\MicroprocessorLabProject\Voice-changer-project\frequency_mixer.asm
                    Table   0x000436    program     static H:\3rdYear\3rdYearLab\MicroprocessorLabProject\Voice-changer-project\VolumeControl.asm
                      k16   0x000000       data     extern H:\3rdYear\3rdYearLab\MicroprocessorLabProject\Voice-changer-project\multiplication.asm
                       k8   0x000002       data     extern H:\3rdYear\3rdYearLab\MicroprocessorLabProject\Voice-changer-project\multiplication.asm
                    mul16   0x000003       data     extern H:\3rdYear\3rdYearLab\MicroprocessorLabProject\Voice-changer-project\multiplication.asm
                 prod8x16   0x000005       data     extern H:\3rdYear\3rdYearLab\MicroprocessorLabProject\Voice-changer-project\multiplication.asm
                prod16x16   0x000008       data     extern H:\3rdYear\3rdYearLab\MicroprocessorLabProject\Voice-changer-project\multiplication.asm
                      bit   0x00000c       data     static H:\3rdYear\3rdYearLab\MicroprocessorLabProject\Voice-changer-project\multiplication.asm
                LCD_cnt_l   0x00000d       data     static H:\3rdYear\3rdYearLab\MicroprocessorLabProject\Voice-changer-project\LCD.asm
                LCD_cnt_h   0x00000e       data     static H:\3rdYear\3rdYearLab\MicroprocessorLabProject\Voice-changer-project\LCD.asm
               LCD_cnt_ms   0x00000f       data     static H:\3rdYear\3rdYearLab\MicroprocessorLabProject\Voice-changer-project\LCD.asm
                  LCD_tmp   0x000010       data     static H:\3rdYear\3rdYearLab\MicroprocessorLabProject\Voice-changer-project\LCD.asm
              LCD_counter   0x000011       data     static H:\3rdYear\3rdYearLab\MicroprocessorLabProject\Voice-changer-project\LCD.asm
           LCD_cursor_pos   0x000012       data     static H:\3rdYear\3rdYearLab\MicroprocessorLabProject\Voice-changer-project\LCD.asm
                   dividh   0x000013       data     extern H:\3rdYear\3rdYearLab\MicroprocessorLabProject\Voice-changer-project\division.asm
                   dividl   0x000014       data     extern H:\3rdYear\3rdYearLab\MicroprocessorLabProject\Voice-changer-project\division.asm
              dividh_save   0x000015       data     static H:\3rdYear\3rdYearLab\MicroprocessorLabProject\Voice-changer-project\division.asm
              dividl_save   0x000016       data     static H:\3rdYear\3rdYearLab\MicroprocessorLabProject\Voice-changer-project\division.asm
                   divish   0x000017       data     extern H:\3rdYear\3rdYearLab\MicroprocessorLabProject\Voice-changer-project\division.asm
                   divisl   0x000018       data     extern H:\3rdYear\3rdYearLab\MicroprocessorLabProject\Voice-changer-project\division.asm
                    quoth   0x000019       data     extern H:\3rdYear\3rdYearLab\MicroprocessorLabProject\Voice-changer-project\division.asm
                    quotl   0x00001a       data     extern H:\3rdYear\3rdYearLab\MicroprocessorLabProject\Voice-changer-project\division.asm
                    count   0x00001b       data     static H:\3rdYear\3rdYearLab\MicroprocessorLabProject\Voice-changer-project\division.asm
                   volume   0x00001c       data     static H:\3rdYear\3rdYearLab\MicroprocessorLabProject\Voice-changer-project\VolumeControl.asm
                  voldisp   0x00001d       data     static H:\3rdYear\3rdYearLab\MicroprocessorLabProject\Voice-changer-project\VolumeControl.asm
                   voltmp   0x00001f       data     static H:\3rdYear\3rdYearLab\MicroprocessorLabProject\Voice-changer-project\VolumeControl.asm
                  counter   0x000020       data     static H:\3rdYear\3rdYearLab\MicroprocessorLabProject\Voice-changer-project\VolumeControl.asm
                 mul1_tmp   0x000021       data     static H:\3rdYear\3rdYearLab\MicroprocessorLabProject\Voice-changer-project\multiplication.asm
              LCD_hex_tmp   0x000021       data     extern H:\3rdYear\3rdYearLab\MicroprocessorLabProject\Voice-changer-project\LCD.asm
                 mul2_tmp   0x000023       data     static H:\3rdYear\3rdYearLab\MicroprocessorLabProject\Voice-changer-project\multiplication.asm
              delay_count   0x000026       data     static H:\3rdYear\3rdYearLab\MicroprocessorLabProject\Voice-changer-project\VolumeControl.asm
                  voltmp1   0x000027       data     static H:\3rdYear\3rdYearLab\MicroprocessorLabProject\Voice-changer-project\VolumeControl.asm
               output_tmp   0x000028       data     extern H:\3rdYear\3rdYearLab\MicroprocessorLabProject\Voice-changer-project\frequency_mixer.asm
                    Array   0x000400       data     static H:\3rdYear\3rdYearLab\MicroprocessorLabProject\Voice-changer-project\VolumeControl.asm


