MPLINK 5.09, LINKER
Linker Map File - Created Mon Feb 18 10:54:59 2019

                                 Section Info
                  Section       Type    Address   Location Size(Bytes)
                ---------  ---------  ---------  ---------  ---------
                 RES_VECT       code   0x000000    program   0x000004
                   .cinit    romdata   0x000004    program   0x000002
                   int_hi       code   0x000008    program   0x00000a
                      DAC       code   0x000012    program   0x000040
                MAIN_PROG       code   0x000052    program   0x000022
                      ADC       code   0x000074    program   0x00001a
                      SPI       code   0x00008e    program   0x000018
.config_300000_BUILD/DEFAULT/PRODUCTION/CONFIG.    romdata   0x300000    program   0x000001
.config_300001_BUILD/DEFAULT/PRODUCTION/CONFIG.    romdata   0x300001    program   0x000001
.config_300002_BUILD/DEFAULT/PRODUCTION/CONFIG.    romdata   0x300002    program   0x000001
.config_300003_BUILD/DEFAULT/PRODUCTION/CONFIG.    romdata   0x300003    program   0x000001
.config_300004_BUILD/DEFAULT/PRODUCTION/CONFIG.    romdata   0x300004    program   0x000001
.config_300005_BUILD/DEFAULT/PRODUCTION/CONFIG.    romdata   0x300005    program   0x000001
.config_300006_BUILD/DEFAULT/PRODUCTION/CONFIG.    romdata   0x300006    program   0x000001
.config_300008_BUILD/DEFAULT/PRODUCTION/CONFIG.    romdata   0x300008    program   0x000001
.config_300009_BUILD/DEFAULT/PRODUCTION/CONFIG.    romdata   0x300009    program   0x000001
.config_30000A_BUILD/DEFAULT/PRODUCTION/CONFIG.    romdata   0x30000a    program   0x000001
.config_30000B_BUILD/DEFAULT/PRODUCTION/CONFIG.    romdata   0x30000b    program   0x000001
.config_30000C_BUILD/DEFAULT/PRODUCTION/CONFIG.    romdata   0x30000c    program   0x000001
.config_30000D_BUILD/DEFAULT/PRODUCTION/CONFIG.    romdata   0x30000d    program   0x000001



                              Program Memory Usage 
                               Start         End      
                           ---------   ---------      
                            0x000000    0x000005      
                            0x000008    0x0000a5      
                            0x300000    0x300006      
                            0x300008    0x30000d      
            177 out of 132120 program addresses used, program memory utilization is 0%



                              Symbols - Sorted by Name
                     Name    Address   Location    Storage File                     
                ---------  ---------  ---------  --------- ---------                
                ADC_Setup   0x000074    program     extern H:\3rdYear\3rdYearLab\MicroprocessorLabProject\Voice-changer-project\ANALOG_DIGITAL.asm
                 ADC_read   0x000086    program     extern H:\3rdYear\3rdYearLab\MicroprocessorLabProject\Voice-changer-project\ANALOG_DIGITAL.asm
                DAC_Setup   0x000012    program     extern H:\3rdYear\3rdYearLab\MicroprocessorLabProject\Voice-changer-project\digital_analog_12bit.asm
            DAC_end_write   0x000042    program     extern H:\3rdYear\3rdYearLab\MicroprocessorLabProject\Voice-changer-project\digital_analog_12bit.asm
                DAC_write   0x000034    program     extern H:\3rdYear\3rdYearLab\MicroprocessorLabProject\Voice-changer-project\digital_analog_12bit.asm
           SPI_MasterInit   0x00008e    program     extern H:\3rdYear\3rdYearLab\MicroprocessorLabProject\Voice-changer-project\spi.asm
       SPI_MasterTransmit   0x00009a    program     extern H:\3rdYear\3rdYearLab\MicroprocessorLabProject\Voice-changer-project\spi.asm
                    START   0x000052    program     static H:\3rdYear\3rdYearLab\MicroprocessorLabProject\Voice-changer-project\main.asm
            Wait_Transmit   0x00009e    program     static H:\3rdYear\3rdYearLab\MicroprocessorLabProject\Voice-changer-project\spi.asm
                 adc_loop   0x000088    program     static H:\3rdYear\3rdYearLab\MicroprocessorLabProject\Voice-changer-project\ANALOG_DIGITAL.asm
                    delay   0x00002e    program     static H:\3rdYear\3rdYearLab\MicroprocessorLabProject\Voice-changer-project\digital_analog_12bit.asm
             measure_loop   0x00005a    program     static H:\3rdYear\3rdYearLab\MicroprocessorLabProject\Voice-changer-project\main.asm



                              Symbols - Sorted by Address
                     Name    Address   Location    Storage File                     
                ---------  ---------  ---------  --------- ---------                
                DAC_Setup   0x000012    program     extern H:\3rdYear\3rdYearLab\MicroprocessorLabProject\Voice-changer-project\digital_analog_12bit.asm
                    delay   0x00002e    program     static H:\3rdYear\3rdYearLab\MicroprocessorLabProject\Voice-changer-project\digital_analog_12bit.asm
                DAC_write   0x000034    program     extern H:\3rdYear\3rdYearLab\MicroprocessorLabProject\Voice-changer-project\digital_analog_12bit.asm
            DAC_end_write   0x000042    program     extern H:\3rdYear\3rdYearLab\MicroprocessorLabProject\Voice-changer-project\digital_analog_12bit.asm
                    START   0x000052    program     static H:\3rdYear\3rdYearLab\MicroprocessorLabProject\Voice-changer-project\main.asm
             measure_loop   0x00005a    program     static H:\3rdYear\3rdYearLab\MicroprocessorLabProject\Voice-changer-project\main.asm
                ADC_Setup   0x000074    program     extern H:\3rdYear\3rdYearLab\MicroprocessorLabProject\Voice-changer-project\ANALOG_DIGITAL.asm
                 ADC_read   0x000086    program     extern H:\3rdYear\3rdYearLab\MicroprocessorLabProject\Voice-changer-project\ANALOG_DIGITAL.asm
                 adc_loop   0x000088    program     static H:\3rdYear\3rdYearLab\MicroprocessorLabProject\Voice-changer-project\ANALOG_DIGITAL.asm
           SPI_MasterInit   0x00008e    program     extern H:\3rdYear\3rdYearLab\MicroprocessorLabProject\Voice-changer-project\spi.asm
       SPI_MasterTransmit   0x00009a    program     extern H:\3rdYear\3rdYearLab\MicroprocessorLabProject\Voice-changer-project\spi.asm
            Wait_Transmit   0x00009e    program     static H:\3rdYear\3rdYearLab\MicroprocessorLabProject\Voice-changer-project\spi.asm


